Archive member included to satisfy reference by file (symbol)

/usr/lib/gcc/x86_64-pc-cygwin/5.4.0/../../../../lib/libcygwin.a(d000014.o)
                              (__imp___cxa_atexit)
/usr/lib/gcc/x86_64-pc-cygwin/5.4.0/../../../../lib/libcygwin.a(d000021.o)
                              (__imp___errno)
/usr/lib/gcc/x86_64-pc-cygwin/5.4.0/../../../../lib/libcygwin.a(d000041.o)
                              (__imp___locale_ctype_ptr)
/usr/lib/gcc/x86_64-pc-cygwin/5.4.0/../../../../lib/libcygwin.a(d000044.o)
                              (__imp___main)
/usr/lib/gcc/x86_64-pc-cygwin/5.4.0/../../../../lib/libcygwin.a(d000106.o)
                              (__imp_accept)
/usr/lib/gcc/x86_64-pc-cygwin/5.4.0/../../../../lib/libcygwin.a(d000206.o)
                              (__imp_atoi)
/usr/lib/gcc/x86_64-pc-cygwin/5.4.0/../../../../lib/libcygwin.a(d000212.o)
                              (__imp_bind)
/usr/lib/gcc/x86_64-pc-cygwin/5.4.0/../../../../lib/libcygwin.a(d000288.o)
                              (__imp_close)
/usr/lib/gcc/x86_64-pc-cygwin/5.4.0/../../../../lib/libcygwin.a(d000439.o)
                              (__imp_fclose)
/usr/lib/gcc/x86_64-pc-cygwin/5.4.0/../../../../lib/libcygwin.a(d000441.o)
                              (__imp_fcntl)
/usr/lib/gcc/x86_64-pc-cygwin/5.4.0/../../../../lib/libcygwin.a(d000513.o)
                              (__imp_fopen)
/usr/lib/gcc/x86_64-pc-cygwin/5.4.0/../../../../lib/libcygwin.a(d000528.o)
                              (__imp_fread)
/usr/lib/gcc/x86_64-pc-cygwin/5.4.0/../../../../lib/libcygwin.a(d000530.o)
                              (__imp_free)
/usr/lib/gcc/x86_64-pc-cygwin/5.4.0/../../../../lib/libcygwin.a(d000540.o)
                              (__imp_fseek)
/usr/lib/gcc/x86_64-pc-cygwin/5.4.0/../../../../lib/libcygwin.a(d000549.o)
                              (__imp_ftell)
/usr/lib/gcc/x86_64-pc-cygwin/5.4.0/../../../../lib/libcygwin.a(d000571.o)
                              (__imp_fwrite)
/usr/lib/gcc/x86_64-pc-cygwin/5.4.0/../../../../lib/libcygwin.a(d000653.o)
                              (__imp_gettimeofday)
/usr/lib/gcc/x86_64-pc-cygwin/5.4.0/../../../../lib/libcygwin.a(d000685.o)
                              (__imp_htons)
/usr/lib/gcc/x86_64-pc-cygwin/5.4.0/../../../../lib/libcygwin.a(d000805.o)
                              (__imp_listen)
/usr/lib/gcc/x86_64-pc-cygwin/5.4.0/../../../../lib/libcygwin.a(d000856.o)
                              (__imp_malloc)
/usr/lib/gcc/x86_64-pc-cygwin/5.4.0/../../../../lib/libcygwin.a(d000873.o)
                              (__imp_memcmp)
/usr/lib/gcc/x86_64-pc-cygwin/5.4.0/../../../../lib/libcygwin.a(d000874.o)
                              (__imp_memcpy)
/usr/lib/gcc/x86_64-pc-cygwin/5.4.0/../../../../lib/libcygwin.a(d000879.o)
                              (__imp_memset)
/usr/lib/gcc/x86_64-pc-cygwin/5.4.0/../../../../lib/libcygwin.a(d000994.o)
                              (__imp_printf)
/usr/lib/gcc/x86_64-pc-cygwin/5.4.0/../../../../lib/libcygwin.a(d001140.o)
                              (__imp_recv)
/usr/lib/gcc/x86_64-pc-cygwin/5.4.0/../../../../lib/libcygwin.a(d001151.o)
                              (__imp_remove)
/usr/lib/gcc/x86_64-pc-cygwin/5.4.0/../../../../lib/libcygwin.a(d001212.o)
                              (__imp_select)
/usr/lib/gcc/x86_64-pc-cygwin/5.4.0/../../../../lib/libcygwin.a(d001286.o)
                              (__imp_signal)
/usr/lib/gcc/x86_64-pc-cygwin/5.4.0/../../../../lib/libcygwin.a(d001312.o)
                              (__imp_socket)
/usr/lib/gcc/x86_64-pc-cygwin/5.4.0/../../../../lib/libcygwin.a(d001336.o)
                              (__imp_strcasecmp)
/usr/lib/gcc/x86_64-pc-cygwin/5.4.0/../../../../lib/libcygwin.a(d001342.o)
                              (__imp_strcmp)
/usr/lib/gcc/x86_64-pc-cygwin/5.4.0/../../../../lib/libcygwin.a(d001345.o)
                              (__imp_strcpy)
/usr/lib/gcc/x86_64-pc-cygwin/5.4.0/../../../../lib/libcygwin.a(d001357.o)
                              (__imp_strlen)
/usr/lib/gcc/x86_64-pc-cygwin/5.4.0/../../../../lib/libcygwin.a(d001362.o)
                              (__imp_strncmp)
/usr/lib/gcc/x86_64-pc-cygwin/5.4.0/../../../../lib/libcygwin.a(d001373.o)
                              (__imp_strstr)
/usr/lib/gcc/x86_64-pc-cygwin/5.4.0/../../../../lib/libcygwin.a(d001447.o)
                              (__imp_tolower)
/usr/lib/gcc/x86_64-pc-cygwin/5.4.0/../../../../lib/libcygwin.a(d001449.o)
                              (__imp_toupper)
/usr/lib/gcc/x86_64-pc-cygwin/5.4.0/../../../../lib/libcygwin.a(d001480.o)
                              (__imp_usleep)
/usr/lib/gcc/x86_64-pc-cygwin/5.4.0/../../../../lib/libcygwin.a(d001583.o)
                              (__imp_write)
/usr/lib/gcc/x86_64-pc-cygwin/5.4.0/../../../../lib/libcygwin.a(t-d000014.o)
                              /usr/lib/gcc/x86_64-pc-cygwin/5.4.0/crtbegin.o (__cxa_atexit)
[...]
Memory Configuration

Name             Origin             Length             Attributes
*default*        0x0000000000000000 0xffffffffffffffff

Linker script and memory map

                0x0000000100400000                __image_base__ = 0x100400000
                0x0000000000000000                __dll__ = 0x0
                0x0000000100400000                __ImageBase = 0x100400000
                0x0000000000001000                __section_alignment__ = 0x1000
                0x0000000000000200                __file_alignment__ = 0x200
                0x0000000000000004                __major_os_version__ = 0x4
                0x0000000000000000                __minor_os_version__ = 0x0
                0x0000000000000000                __major_image_version__ = 0x0
                0x0000000000000000                __minor_image_version__ = 0x0
                0x0000000000000005                __major_subsystem_version__ = 0x5
                0x0000000000000002                __minor_subsystem_version__ = 0x2
                0x0000000000000003                __subsystem__ = 0x3
                0x0000000000200000                __size_of_stack_reserve__ = 0x200000
                0x0000000000001000                __size_of_stack_commit__ = 0x1000
                0x0000000000100000                __size_of_heap_reserve__ = 0x100000
                0x0000000000001000                __size_of_heap_commit__ = 0x1000
                0x0000000000000000                __loader_flags__ = 0x0
                0x0000000000008000                __dll_characteristics__ = 0x8000
LOAD /usr/lib/gcc/x86_64-pc-cygwin/5.4.0/../../../../lib/crt0.o
LOAD /usr/lib/gcc/x86_64-pc-cygwin/5.4.0/crtbegin.o
LOAD /tmp/ccp5tlFs.o
LOAD /tmp/ccf2EGuz.o
LOAD /tmp/ccC1wSgl.o
LOAD /tmp/ccDm9YJA.o
LOAD /tmp/ccNWYZTC.o
LOAD /tmp/ccBQqThi.o
LOAD /tmp/ccfTFTJ2.o
LOAD /tmp/ccpzcZcG.o
LOAD /tmp/ccSIwZgm.o
LOAD /tmp/cc4dkexB.o
LOAD /tmp/ccTtpOoK.o
LOAD /tmp/ccFDPL7v.o
LOAD /tmp/cctNdqyh.o
LOAD /tmp/cc0vfuMq.o
LOAD /usr/lib/gcc/x86_64-pc-cygwin/5.4.0/libgcc_s.dll.a
LOAD /usr/lib/gcc/x86_64-pc-cygwin/5.4.0/libgcc.a
LOAD /usr/lib/gcc/x86_64-pc-cygwin/5.4.0/../../../../lib/libcygwin.a
LOAD /usr/lib/w32api/libadvapi32.a
LOAD /usr/lib/w32api/libshell32.a
LOAD /usr/lib/w32api/libuser32.a
LOAD /usr/lib/w32api/libkernel32.a
LOAD /usr/lib/gcc/x86_64-pc-cygwin/5.4.0/libgcc_s.dll.a
LOAD /usr/lib/gcc/x86_64-pc-cygwin/5.4.0/libgcc.a
LOAD /usr/lib/gcc/x86_64-pc-cygwin/5.4.0/../../../../lib/default-manifest.o
LOAD /usr/lib/gcc/x86_64-pc-cygwin/5.4.0/crtend.o
                0x0000000000000430                . = SIZEOF_HEADERS
                0x0000000000001000                . = ALIGN (__section_alignment__)

.text           0x0000000100401000    0x11a00
 *(.init)
 *(.text)
 .text          0x0000000100401000       0x50 /usr/lib/gcc/x86_64-pc-cygwin/5.4.0/../../../../lib/crt0.o
                0x0000000100401000                WinMainCRTStartup
                0x0000000100401000                mainCRTStartup
 .text          0x0000000100401050       0x90 /usr/lib/gcc/x86_64-pc-cygwin/5.4.0/crtbegin.o
                0x0000000100401050                .weak._Jv_RegisterClasses.__dso_handle
                0x0000000100401060                __gcc_register_frame
                0x00000001004010d0                __gcc_deregister_frame
 .text          0x00000001004010e0     0x1740 /tmp/ccp5tlFs.o
                0x00000001004010e0                elysian_schdlr_throw_event
                0x00000001004012c1                elysian_schdlr_free_client_slots
                0x000000010040133d                elysian_schdlr_get_task
                0x00000001004013a4                elysian_schdlr_get_lowest_priority_task
                0x000000010040142b                elysian_schdlr_elapsed_time
                0x000000010040145d                elysian_schdlr_exec_socket_events
                0x0000000100401bc8                elysian_schdlr_exec_immediate_events
                0x0000000100401f91                elysian_schdlr_exec
                0x0000000100401fd3                elysian_schdlr_time_correction
                0x00000001004020ad                elysian_schdlr_yield
                0x000000010040210f                elysian_schdlr_current_task_get
                0x000000010040212f                elysian_schdlr_current_client_get
                0x0000000100402145                elysian_schdlr_state_set
                0x00000001004021a9                elysian_schdlr_state_get
                0x0000000100402203                elysian_schdlr_state_poll_set
                0x0000000100402272                elysian_schdlr_state_poll_enable
                0x0000000100402293                elysian_schdlr_state_poll_disable
                0x00000001004022b4                elysian_schdlr_state_poll_backoff
                0x00000001004023b4                elysian_schdlr_state_timeout_set
                0x0000000100402423                elysian_schdlr_state_timeout_reset
                0x0000000100402485                elysian_schdlr_state_priority_set
                0x00000001004024e6                elysian_schdlr_state_socket_read
                0x0000000100402555                elysian_schdlr_poll
                0x00000001004025eb                elysian_schdlr_stop
                0x00000001004026cc                elysian_schdlr_init
 .text          0x0000000100402820     0x2a70 /tmp/ccf2EGuz.o
                0x0000000100402820                elysian_state_http_connection_accepted
                0x00000001004029b1                elysian_store_cbuf_to_file
                0x0000000100402d23                elysian_state_http_request_store
                0x000000010040305c                elysian_state_http_request_headers_receive
                0x00000001004031f2                elysian_state_http_request_body_receive
                0x00000001004033ab                elysian_state_http_request_headers_parse
                0x000000010040354c                elysian_state_http_expect_reply
                0x000000010040378e                elysian_state_http_request_authenticate
                0x000000010040395d                elysian_state_http_request_params_get
                0x0000000100403aae                elysian_set_http_status_code
                0x0000000100403b16                elysian_set_fatal_http_status_code
                0x0000000100403b46                elysian_state_fatal_error_entry
                0x0000000100403c5c                elysian_state_http_response_entry
                0x0000000100403dfb                elysian_state_mvc_pre_configuration
                0x0000000100403f55                elysian_state_prepare_http_response
                0x0000000100404101                elysian_state_mvc_post_configuration
                0x0000000100404253                elysian_state_build_http_response
                0x00000001004044be                elysian_state_http_response_send
                0x0000000100404b1b                elysian_state_http_keepalive
                0x0000000100404c84                elysian_state_http_disconnect
                0x0000000100404e39                elysian_client_cleanup
                0x0000000100405113                elysian_new
                0x0000000100405179                elysian_start
                0x0000000100405231                elysian_stop
                0x000000010040524d                elysian_poll
                0x0000000100405275                elysian_current_client
 .text          0x0000000100405290      0xbb0 /tmp/ccC1wSgl.o
                0x0000000100405290                elysian_cbuf_alloc
                0x0000000100405347                elysian_cbuf_free
                0x000000010040536e                elysian_cbuf_list_append
                0x00000001004053cc                elysian_cbuf_list_free
                0x000000010040540f                elysian_cbuf_list_len
                0x0000000100405455                elysian_cbuf_list_split
                0x00000001004055d1                elysian_cbuf_rechain
                0x0000000100405853                elysian_cbuf_strget
                0x000000010040595a                elysian_cbuf_strcmp
                0x0000000100405aba                elysian_cbuf_strcpy
                0x0000000100405beb                elysian_cbuf_strstr
                0x0000000100405d9b                cbuf_list_print
 .text          0x0000000100405e40      0xfd0 /tmp/ccDm9YJA.o
                0x0000000100405e40                elysian_time_now
                0x0000000100405e53                elysian_time_sleep
                0x0000000100405e6d                elysian_thread_yield
                0x0000000100405e81                elysian_mem_usage
                0x0000000100405ee2                elysian_mem_threshold
                0x0000000100405f37                elysian_mem_available
                0x0000000100405f72                elysian_mem_malloc
                0x0000000100406001                elysian_mem_free
                0x0000000100406054                elysian_os_hostname_get
                0x000000010040606f                elysian_socket_close
                0x00000001004060cf                elysian_socket_listen
                0x00000001004060fc                elysian_socket_accept
                0x000000010040618b                elysian_socket_read
                0x0000000100406258                elysian_socket_write
                0x0000000100406325                elysian_socket_select
                0x0000000100406363                elysian_fs_get_partition
                0x0000000100406520                elysian_fs_finit
                0x0000000100406550                elysian_fs_fopen
                0x00000001004067a5                elysian_fs_fisopened
                0x00000001004067bf                elysian_fs_fsize
                0x0000000100406884                elysian_fs_fseek
                0x0000000100406948                elysian_fs_ftell
                0x0000000100406a0d                elysian_fs_fread
                0x0000000100406b09                elysian_fs_fwrite
                0x0000000100406c12                elysian_fs_fclose
                0x0000000100406cce                elysian_fs_fremove
 .text          0x0000000100406e10     0x1450 /tmp/ccNWYZTC.o
                0x0000000100406e10                elysian_resource_open_static
                0x0000000100406e79                elysian_resource_size_static
                0x0000000100406ee5                elysian_resource_seek_static
                0x0000000100406f42                elysian_resource_read_static
                0x0000000100406faf                elysian_resource_close_static
                0x0000000100406fee                elysian_resource_open_dynamic
                0x00000001004070e7                elysian_resource_size_dynamic
                0x000000010040720e                elysian_resource_seek_dynamic
                0x0000000100407449                elysian_resource_read_dynamic
                0x0000000100407d30                elysian_resource_close_dynamic
                0x0000000100407d8b                elysian_resource_init
                0x0000000100407dba                elysian_resource_open
                0x0000000100407fac                elysian_resource_isopened
                0x0000000100407fdc                elysian_resource_size
                0x0000000100408050                elysian_resource_seek
                0x00000001004080c2                elysian_resource_read
                0x00000001004081b7                elysian_resource_close
 .text          0x0000000100408260     0x1c80 /tmp/ccBQqThi.o
                0x0000000100408260                elysian_mvc_init
                0x00000001004082ca                elysian_mvc_isconfigured
                0x0000000100408325                elysian_mvc_clear
                0x00000001004084cc                elysian_mvc_pre_configure
                0x0000000100408a3a                elysian_mvc_post_configure
                0x0000000100408c04                elysian_mvc_client
                0x0000000100408c1f                elysian_mvc_view_set
                0x0000000100408d44                elysian_mvc_status_code_set
                0x0000000100408d98                elysian_mvc_transfer_encoding_set
                0x0000000100408dcc                elysian_mvc_content_range_set
                0x0000000100408e11                elysian_mvc_httpreq_url_get
                0x0000000100408e48                elysian_mvc_httpreq_header_get
                0x0000000100408ea9                elysian_mvc_redirect
                0x0000000100409076                elysian_mvc_resource_created
                0x0000000100409089                elysian_mvc_controller_get
                0x0000000100409344                elysian_mvc_attribute_set
                0x0000000100409547                elysian_mvc_attribute_get
                0x000000010040962c                elysian_mvc_add_alloc
                0x00000001004096f9                elysian_mvc_httpreq_onservice_handler
                0x0000000100409743                elysian_mvc_param_get
                0x00000001004098f2                elysian_mvc_param_size
                0x000000010040994a                elysian_mvc_param_filename
                0x00000001004099a4                elysian_mvc_param_read
                0x0000000100409b4d                elysian_mvc_param_get_raw
                0x0000000100409cd8                elysian_mvc_param_get_bytes
                0x0000000100409d38                elysian_mvc_param_get_str
                0x0000000100409dff                elysian_mvc_param_get_uint
                0x0000000100409e68                elysian_mvc_param_get_int
 .text          0x0000000100409ee0     0x28b0 /tmp/ccfTFTJ2.o
                0x0000000100409ee0                elysian_http_request_headers_received
                0x0000000100409f70                elysian_http_request_headers_parse
                0x000000010040a7d5                elysian_http_request_get_method
                0x000000010040a910                elysian_http_request_get_uri
                0x000000010040abc2                elysian_http_request_get_header
                0x000000010040add3                elysian_http_request_get_params
                0x000000010040b77b                elysian_http_response_build
                0x000000010040bae2                elysian_http_add_response_status_line
                0x000000010040bbc5                elysian_http_add_response_header_line
                0x000000010040bd75                elysian_http_add_response_empty_line
                0x000000010040be2c                elysian_http_decode
                0x000000010040bfb5                elysian_http_get_method_name
                0x000000010040c010                elysian_http_get_method_id
                0x000000010040c075                elysian_http_get_status_code_num
                0x000000010040c0cc                elysian_http_get_status_code_msg
                0x000000010040c123                elysian_http_get_status_code_body
                0x000000010040c17a                base64_decode
                0x000000010040c431                elysian_http_authenticate
                0x000000010040c6d1                elysian_http_get_mime_type
 .text          0x000000010040c790     0x1260 /tmp/ccpzcZcG.o
                0x000000010040c790                elysian_fs_ram_fopen
                0x000000010040ca81                elysian_fs_ram_fsize
                0x000000010040cafa                elysian_fs_ram_fseek
                0x000000010040cb8b                elysian_fs_ram_ftell
                0x000000010040cbc3                elysian_fs_ram_fread
                0x000000010040ccef                elysian_fs_ram_fwrite
                0x000000010040cd9a                elysian_fs_ram_fclose
                0x000000010040ce72                elysian_fs_ram_fremove
                0x000000010040cfc6                elysian_fs_rom_fopen
                0x000000010040d230                elysian_fs_rom_fsize
                0x000000010040d268                elysian_fs_rom_fseek
                0x000000010040d29d                elysian_fs_rom_ftell
                0x000000010040d2d5                elysian_fs_rom_fread
                0x000000010040d356                elysian_fs_rom_fwrite
                0x000000010040d371                elysian_fs_rom_fclose
                0x000000010040d384                elysian_fs_rom_fremove
                0x000000010040d397                elysian_fs_hdl_fopen
                0x000000010040d509                elysian_fs_hdl_fsize
                0x000000010040d71c                elysian_fs_hdl_fseek
                0x000000010040d878                elysian_fs_hdl_ftell
                0x000000010040d8b0                elysian_fs_hdl_fread
                0x000000010040d922                elysian_fs_hdl_fwrite
                0x000000010040d95c                elysian_fs_hdl_fclose
                0x000000010040d9af                elysian_fs_hdl_fremove
 .text          0x000000010040d9f0       0x20 /tmp/ccSIwZgm.o
                0x000000010040d9f0                elysian_stats_update
                0x000000010040d9fd                elysian_stats_get
 .text          0x000000010040da10      0x500 /tmp/cc4dkexB.o
                0x000000010040da10                elysian_strncpy_file
                0x000000010040dad8                elysian_strstr_file
 .text          0x000000010040df10      0xa50 /tmp/ccTtpOoK.o
                0x000000010040df10                elysian_str_trim
                0x000000010040e0c7                elysian_strcmp
                0x000000010040e19b                elysian_strncmp
                0x000000010040e27c                elysian_strhex2uint
                0x000000010040e410                elysian_str2uint
                0x000000010040e4c9                elysian_uint2str
                0x000000010040e5d6                elysian_int2str
                0x000000010040e63f                elysian_strcasecmp
                0x000000010040e6c4                elysian_strcasestr
                0x000000010040e70b                elysian_strstr
                0x000000010040e731                elysian_snprintf
                0x000000010040e910                elysian_sprintf
 .text          0x000000010040e960     0x1420 /tmp/ccFDPL7v.o
                0x000000010040e960                elysian_isp_http_headers
                0x000000010040ea96                elysian_isp_http_body_chunked
                0x000000010040f046                elysian_isp_http_body_multipart
                0x000000010040f94c                elysian_isp_http_body_raw
                0x000000010040faca                elysian_isp_http_body_raw_multipart
                0x000000010040fb9e                elysian_isp_http_body_chunked_multipart
                0x000000010040fc72                elysian_isp_cleanup
 .text          0x000000010040fd80      0x9c0 /tmp/cctNdqyh.o
                0x000000010040fd80                elysian_port_time_now
                0x000000010040fdd2                elysian_port_time_sleep
                0x000000010040fdf7                elysian_port_thread_yield
                0x000000010040fe10                elysian_port_mem_malloc
                0x000000010040fe2c                elysian_port_mem_free
                0x000000010040fe48                elysian_port_hostname_get
                0x000000010040fe6e                elysian_setblocking
                0x000000010040fefa                elysian_port_socket_close
                0x000000010040ff1b                elysian_port_socket_listen
                0x000000010041001c                elysian_port_socket_accept
                0x00000001004100d6                elysian_port_socket_read
                0x00000001004101aa                elysian_port_socket_write
                0x0000000100410269                elysian_port_socket_select
                0x000000010041045c                elysian_port_fs_ext_fopen
                0x00000001004104ee                elysian_port_fs_ext_fsize
                0x000000010041057e                elysian_port_fs_ext_fseek
                0x00000001004105c1                elysian_port_fs_ext_ftell
                0x0000000100410603                elysian_port_fs_ext_fread
                0x0000000100410654                elysian_port_fs_ext_fwrite
                0x00000001004106b4                elysian_port_fs_ext_fclose
                0x00000001004106ea                elysian_port_fs_ext_fremove
 .text          0x0000000100410740     0x19d0 /tmp/cc0vfuMq.o
                0x0000000100410740                authentication_cb
                0x0000000100410811                controller_dynamic_page_html
                0x00000001004109b5                controller_form_get
                0x0000000100410c79                controller_form_get_html
                0x0000000100410cff                controller_form_post
                0x0000000100410fc3                controller_form_post_html
                0x0000000100411049                controller_file_upload
                0x00000001004113d0                controller_file_upload_html
                0x000000010041153b                controller_http_request_exposure_html
                0x0000000100411633                controller_http_request_exposure
                0x00000001004117e3                controller_redirected_page1_html
                0x00000001004118c5                controller_redirected_page0_html
                0x0000000100411926                controller_ajax_example_served
                0x00000001004119ba                controller_ajax
                0x0000000100411c62                controller_file_download_html
                0x0000000100411d05                controller_dynamic_page_disk_html
                0x0000000100411e33                huge_file_handler
                0x000000010041204a                main
 .text          0x0000000100412110       0x10 /usr/lib/gcc/x86_64-pc-cygwin/5.4.0/../../../../lib/libcygwin.a(t-d000014.o)
                0x0000000100412110                __cxa_atexit
 .text          0x0000000100412120       0x10 /usr/lib/gcc/x86_64-pc-cygwin/5.4.0/../../../../lib/libcygwin.a(t-d000021.o)
                0x0000000100412120                __errno
 .text          0x0000000100412130       0x10 /usr/lib/gcc/x86_64-pc-cygwin/5.4.0/../../../../lib/libcygwin.a(t-d000041.o)
                0x0000000100412130                __locale_ctype_ptr
 .text          0x0000000100412140       0x10 /usr/lib/gcc/x86_64-pc-cygwin/5.4.0/../../../../lib/libcygwin.a(t-d000044.o)
                0x0000000100412140                __main
 .text          0x0000000100412150       0x10 /usr/lib/gcc/x86_64-pc-cygwin/5.4.0/../../../../lib/libcygwin.a(t-d000106.o)
                0x0000000100412150                accept
 .text          0x0000000100412160       0x10 /usr/lib/gcc/x86_64-pc-cygwin/5.4.0/../../../../lib/libcygwin.a(t-d000206.o)
                0x0000000100412160                atoi
 .text          0x0000000100412170       0x10 /usr/lib/gcc/x86_64-pc-cygwin/5.4.0/../../../../lib/libcygwin.a(t-d000212.o)
                0x0000000100412170                bind
 .text          0x0000000100412180       0x10 /usr/lib/gcc/x86_64-pc-cygwin/5.4.0/../../../../lib/libcygwin.a(t-d000288.o)
                0x0000000100412180                close
 .text          0x0000000100412190       0x10 /usr/lib/gcc/x86_64-pc-cygwin/5.4.0/../../../../lib/libcygwin.a(t-d000439.o)
                0x0000000100412190                fclose
 .text          0x00000001004121a0       0x10 /usr/lib/gcc/x86_64-pc-cygwin/5.4.0/../../../../lib/libcygwin.a(t-d000441.o)
                0x00000001004121a0                fcntl
 .text          0x00000001004121b0       0x10 /usr/lib/gcc/x86_64-pc-cygwin/5.4.0/../../../../lib/libcygwin.a(t-d000513.o)
                0x00000001004121b0                fopen
 .text          0x00000001004121c0       0x10 /usr/lib/gcc/x86_64-pc-cygwin/5.4.0/../../../../lib/libcygwin.a(t-d000528.o)
                0x00000001004121c0                fread
 .text          0x00000001004121d0       0x10 /usr/lib/gcc/x86_64-pc-cygwin/5.4.0/../../../../lib/libcygwin.a(t-d000530.o)
                0x00000001004121d0                free
 .text          0x00000001004121e0       0x10 /usr/lib/gcc/x86_64-pc-cygwin/5.4.0/../../../../lib/libcygwin.a(t-d000540.o)
                0x00000001004121e0                fseek
 .text          0x00000001004121f0       0x10 /usr/lib/gcc/x86_64-pc-cygwin/5.4.0/../../../../lib/libcygwin.a(t-d000549.o)
                0x00000001004121f0                ftell
 .text          0x0000000100412200       0x10 /usr/lib/gcc/x86_64-pc-cygwin/5.4.0/../../../../lib/libcygwin.a(t-d000571.o)
                0x0000000100412200                fwrite
 .text          0x0000000100412210       0x10 /usr/lib/gcc/x86_64-pc-cygwin/5.4.0/../../../../lib/libcygwin.a(t-d000653.o)
                0x0000000100412210                gettimeofday
 .text          0x0000000100412220       0x10 /usr/lib/gcc/x86_64-pc-cygwin/5.4.0/../../../../lib/libcygwin.a(t-d000685.o)
                0x0000000100412220                htons
 .text          0x0000000100412230       0x10 /usr/lib/gcc/x86_64-pc-cygwin/5.4.0/../../../../lib/libcygwin.a(t-d000805.o)
                0x0000000100412230                listen
 .text          0x0000000100412240       0x10 /usr/lib/gcc/x86_64-pc-cygwin/5.4.0/../../../../lib/libcygwin.a(t-d000856.o)
                0x0000000100412240                malloc
 .text          0x0000000100412250       0x10 /usr/lib/gcc/x86_64-pc-cygwin/5.4.0/../../../../lib/libcygwin.a(t-d000873.o)
                0x0000000100412250                memcmp
 .text          0x0000000100412260       0x10 /usr/lib/gcc/x86_64-pc-cygwin/5.4.0/../../../../lib/libcygwin.a(t-d000874.o)
                0x0000000100412260                memcpy
 .text          0x0000000100412270       0x10 /usr/lib/gcc/x86_64-pc-cygwin/5.4.0/../../../../lib/libcygwin.a(t-d000879.o)
                0x0000000100412270                memset
 .text          0x0000000100412280       0x10 /usr/lib/gcc/x86_64-pc-cygwin/5.4.0/../../../../lib/libcygwin.a(t-d000994.o)
                0x0000000100412280                printf
 .text          0x0000000100412290       0x10 /usr/lib/gcc/x86_64-pc-cygwin/5.4.0/../../../../lib/libcygwin.a(t-d001140.o)
                0x0000000100412290                recv
 .text          0x00000001004122a0       0x10 /usr/lib/gcc/x86_64-pc-cygwin/5.4.0/../../../../lib/libcygwin.a(t-d001151.o)
                0x00000001004122a0                remove
 .text          0x00000001004122b0       0x10 /usr/lib/gcc/x86_64-pc-cygwin/5.4.0/../../../../lib/libcygwin.a(t-d001212.o)
                0x00000001004122b0                select
 .text          0x00000001004122c0       0x10 /usr/lib/gcc/x86_64-pc-cygwin/5.4.0/../../../../lib/libcygwin.a(t-d001286.o)
                0x00000001004122c0                signal
 .text          0x00000001004122d0       0x10 /usr/lib/gcc/x86_64-pc-cygwin/5.4.0/../../../../lib/libcygwin.a(t-d001312.o)
                0x00000001004122d0                socket
 .text          0x00000001004122e0       0x10 /usr/lib/gcc/x86_64-pc-cygwin/5.4.0/../../../../lib/libcygwin.a(t-d001336.o)
                0x00000001004122e0                strcasecmp
 .text          0x00000001004122f0       0x10 /usr/lib/gcc/x86_64-pc-cygwin/5.4.0/../../../../lib/libcygwin.a(t-d001342.o)
                0x00000001004122f0                strcmp
 .text          0x0000000100412300       0x10 /usr/lib/gcc/x86_64-pc-cygwin/5.4.0/../../../../lib/libcygwin.a(t-d001345.o)
                0x0000000100412300                strcpy
 .text          0x0000000100412310       0x10 /usr/lib/gcc/x86_64-pc-cygwin/5.4.0/../../../../lib/libcygwin.a(t-d001357.o)
                0x0000000100412310                strlen
 .text          0x0000000100412320       0x10 /usr/lib/gcc/x86_64-pc-cygwin/5.4.0/../../../../lib/libcygwin.a(t-d001362.o)
                0x0000000100412320                strncmp
 .text          0x0000000100412330       0x10 /usr/lib/gcc/x86_64-pc-cygwin/5.4.0/../../../../lib/libcygwin.a(t-d001373.o)
                0x0000000100412330                strstr
 .text          0x0000000100412340       0x10 /usr/lib/gcc/x86_64-pc-cygwin/5.4.0/../../../../lib/libcygwin.a(t-d001447.o)
                0x0000000100412340                tolower
 .text          0x0000000100412350       0x10 /usr/lib/gcc/x86_64-pc-cygwin/5.4.0/../../../../lib/libcygwin.a(t-d001449.o)
                0x0000000100412350                toupper
 .text          0x0000000100412360       0x10 /usr/lib/gcc/x86_64-pc-cygwin/5.4.0/../../../../lib/libcygwin.a(t-d001480.o)
                0x0000000100412360                usleep
 .text          0x0000000100412370       0x10 /usr/lib/gcc/x86_64-pc-cygwin/5.4.0/../../../../lib/libcygwin.a(t-d001583.o)
                0x0000000100412370                write
 .text          0x0000000100412380       0x20 /usr/lib/gcc/x86_64-pc-cygwin/5.4.0/../../../../lib/libcygwin.a(cygwin_crt0.o)
                0x0000000100412380                cygwin_crt0
 .text          0x00000001004123a0       0x10 /usr/lib/gcc/x86_64-pc-cygwin/5.4.0/../../../../lib/libcygwin.a(premain0.o)
                0x00000001004123a0                cygwin_premain0
 .text          0x00000001004123b0       0x10 /usr/lib/gcc/x86_64-pc-cygwin/5.4.0/../../../../lib/libcygwin.a(premain1.o)
                0x00000001004123b0                cygwin_premain1
 .text          0x00000001004123c0       0x10 /usr/lib/gcc/x86_64-pc-cygwin/5.4.0/../../../../lib/libcygwin.a(premain2.o)
                0x00000001004123c0                cygwin_premain2
 .text          0x00000001004123d0       0x10 /usr/lib/gcc/x86_64-pc-cygwin/5.4.0/../../../../lib/libcygwin.a(premain3.o)
                0x00000001004123d0                cygwin_premain3
 .text          0x00000001004123e0      0x3d0 /usr/lib/gcc/x86_64-pc-cygwin/5.4.0/../../../../lib/libcygwin.a(_cygwin_crt0_common.o)
                0x00000001004123e0                _cygwin_crt0_common
 .text          0x00000001004127b0       0xf0 /usr/lib/gcc/x86_64-pc-cygwin/5.4.0/../../../../lib/libcygwin.a(dll_entry.o)
                0x00000001004127d0                _cygwin_dll_entry
                0x0000000100412890                _cygwin_noncygwin_dll_entry
 .text          0x00000001004128a0       0x10 /usr/lib/gcc/x86_64-pc-cygwin/5.4.0/../../../../lib/libcygwin.a(dll_main.o)
                0x00000001004128a0                DllMain
 .text          0x00000001004128b0       0x10 /usr/lib/gcc/x86_64-pc-cygwin/5.4.0/../../../../lib/libcygwin.a(pseudo-reloc-dummy.o)
                0x00000001004128b0                _pei386_runtime_relocator
 .text          0x00000001004128c0        0x0 /usr/lib/gcc/x86_64-pc-cygwin/5.4.0/../../../../lib/libcygwin.a(d000092.o)
 .text          0x00000001004128c0       0x10 /usr/lib/gcc/x86_64-pc-cygwin/5.4.0/../../../../lib/libcygwin.a(t-d000227.o)
                0x00000001004128c0                calloc
 .text          0x00000001004128d0       0x10 /usr/lib/gcc/x86_64-pc-cygwin/5.4.0/../../../../lib/libcygwin.a(t-d000339.o)
                0x00000001004128d0                cygwin_detach_dll
 .text          0x00000001004128e0       0x10 /usr/lib/gcc/x86_64-pc-cygwin/5.4.0/../../../../lib/libcygwin.a(t-d000341.o)
                0x00000001004128e0                cygwin_internal
 .text          0x00000001004128f0       0x10 /usr/lib/gcc/x86_64-pc-cygwin/5.4.0/../../../../lib/libcygwin.a(t-d000963.o)
                0x00000001004128f0                posix_memalign
 .text          0x0000000100412900       0x10 /usr/lib/gcc/x86_64-pc-cygwin/5.4.0/../../../../lib/libcygwin.a(t-d001137.o)
                0x0000000100412900                realloc
 .text          0x0000000100412910       0x30 /usr/lib/gcc/x86_64-pc-cygwin/5.4.0/../../../../lib/libcygwin.a(cygwin_attach_dll.o)
                0x0000000100412910                cygwin_attach_dll
 .text          0x0000000100412940       0x10 /usr/lib/gcc/x86_64-pc-cygwin/5.4.0/../../../../lib/libcygwin.a(t-d000358.o)
                0x0000000100412940                dll_dllcrt0
 .text          0x0000000100412950        0x8 /usr/lib/w32api/libkernel32.a(dmqds00598.o)
                0x0000000100412950                GetProcAddress
 .text          0x0000000100412958        0x8 /usr/lib/w32api/libkernel32.a(dmqds00548.o)
                0x0000000100412958                GetModuleHandleA
 .text          0x0000000100412960        0x0 /usr/lib/w32api/libkernel32.a(dmqdh.o)
 .text          0x0000000100412960        0x0 /usr/lib/w32api/libkernel32.a(dmqdt.o)
 .text          0x0000000100412960        0x0 /usr/lib/gcc/x86_64-pc-cygwin/5.4.0/libgcc.a(_ctors.o)
 .text          0x0000000100412960        0x0 /usr/lib/gcc/x86_64-pc-cygwin/5.4.0/crtend.o
 *(SORT(.text$*))
 *(.text.*)
 .text.unlikely
                0x0000000100412960        0x0 /usr/lib/gcc/x86_64-pc-cygwin/5.4.0/../../../../lib/crt0.o
 .text.unlikely
                0x0000000100412960        0x0 /usr/lib/gcc/x86_64-pc-cygwin/5.4.0/crtbegin.o
 .text.unlikely
                0x0000000100412960        0x0 /usr/lib/gcc/x86_64-pc-cygwin/5.4.0/../../../../lib/libcygwin.a(cygwin_crt0.o)
 .text.unlikely
                0x0000000100412960        0x0 /usr/lib/gcc/x86_64-pc-cygwin/5.4.0/../../../../lib/libcygwin.a(premain0.o)
 .text.unlikely
                0x0000000100412960        0x0 /usr/lib/gcc/x86_64-pc-cygwin/5.4.0/../../../../lib/libcygwin.a(premain1.o)
 .text.unlikely
                0x0000000100412960        0x0 /usr/lib/gcc/x86_64-pc-cygwin/5.4.0/../../../../lib/libcygwin.a(premain2.o)
 .text.unlikely
                0x0000000100412960        0x0 /usr/lib/gcc/x86_64-pc-cygwin/5.4.0/../../../../lib/libcygwin.a(premain3.o)
 .text.unlikely
                0x0000000100412960        0x0 /usr/lib/gcc/x86_64-pc-cygwin/5.4.0/../../../../lib/libcygwin.a(_cygwin_crt0_common.o)
 .text.unlikely
                0x0000000100412960        0x0 /usr/lib/gcc/x86_64-pc-cygwin/5.4.0/../../../../lib/libcygwin.a(dll_entry.o)
 .text.unlikely
                0x0000000100412960        0x0 /usr/lib/gcc/x86_64-pc-cygwin/5.4.0/../../../../lib/libcygwin.a(dll_main.o)
 .text.unlikely
                0x0000000100412960        0x0 /usr/lib/gcc/x86_64-pc-cygwin/5.4.0/../../../../lib/libcygwin.a(pseudo-reloc-dummy.o)
 .text.unlikely
                0x0000000100412960        0x0 /usr/lib/gcc/x86_64-pc-cygwin/5.4.0/../../../../lib/libcygwin.a(cygwin_attach_dll.o)
 .text.unlikely
                0x0000000100412960        0x0 /usr/lib/gcc/x86_64-pc-cygwin/5.4.0/crtend.o
 .text.startup  0x0000000100412960       0x10 /usr/lib/gcc/x86_64-pc-cygwin/5.4.0/crtend.o
 *(.gnu.linkonce.t.*)
 *(.glue_7t)
 *(.glue_7)
                0x0000000100412970                . = ALIGN (0x8)
                0x0000000100412970                ___CTOR_LIST__ = .
                0x0000000100412970                __CTOR_LIST__ = .
                0x0000000100412970        0x4 LONG 0xffffffffffffffff
                0x0000000100412974        0x4 LONG 0xffffffffffffffff
 *(.ctors)
 *(.ctor)
 *(SORT(.ctors.*))
 .ctors.65535   0x0000000100412978        0x8 /usr/lib/gcc/x86_64-pc-cygwin/5.4.0/crtend.o
                0x0000000100412980        0x4 LONG 0x0
                0x0000000100412984        0x4 LONG 0x0
                0x0000000100412988                ___DTOR_LIST__ = .
                0x0000000100412988                __DTOR_LIST__ = .
                0x0000000100412988        0x4 LONG 0xffffffffffffffff
                0x000000010041298c        0x4 LONG 0xffffffffffffffff
 *(.dtors)
 *(.dtor)
 *(SORT(.dtors.*))
                0x0000000100412990        0x4 LONG 0x0
                0x0000000100412994        0x4 LONG 0x0
 *(.fini)
 *(.gcc_exc)
                [!provide]                        PROVIDE (etext, .)
 *(.gcc_except_table)

.data           0x0000000100413000      0x200
                0x0000000100413000                __data_start__ = .
 *(.data)
 .data          0x0000000100413000        0x0 /usr/lib/gcc/x86_64-pc-cygwin/5.4.0/../../../../lib/crt0.o
 .data          0x0000000100413000       0x10 /usr/lib/gcc/x86_64-pc-cygwin/5.4.0/crtbegin.o
                0x0000000100413000                __dso_handle
 .data          0x0000000100413010        0x0 /tmp/ccp5tlFs.o
 *fill*         0x0000000100413010       0x10 
 .data          0x0000000100413020       0x20 /tmp/ccf2EGuz.o
                0x0000000100413020                elysian_schdlr_ev_name
 .data          0x0000000100413040        0x0 /tmp/ccC1wSgl.o
 .data          0x0000000100413040        0x0 /tmp/ccDm9YJA.o
 .data          0x0000000100413040        0x0 /tmp/ccNWYZTC.o
 .data          0x0000000100413040        0x0 /tmp/ccBQqThi.o
 .data          0x0000000100413040        0x0 /tmp/ccfTFTJ2.o
 .data          0x0000000100413040       0x20 /tmp/ccpzcZcG.o
                0x0000000100413040                fs_ram_files
 .data          0x0000000100413060        0x0 /tmp/ccSIwZgm.o
 .data          0x0000000100413060        0x0 /tmp/cc4dkexB.o
 .data          0x0000000100413060        0x0 /tmp/ccTtpOoK.o
 .data          0x0000000100413060        0x0 /tmp/ccFDPL7v.o
 .data          0x0000000100413060        0x0 /tmp/cctNdqyh.o
 .data          0x0000000100413060        0x0 /tmp/cc0vfuMq.o
 .data          0x0000000100413060        0x0 /usr/lib/gcc/x86_64-pc-cygwin/5.4.0/../../../../lib/libcygwin.a(cygwin_crt0.o)
 .data          0x0000000100413060        0x0 /usr/lib/gcc/x86_64-pc-cygwin/5.4.0/../../../../lib/libcygwin.a(premain0.o)
 .data          0x0000000100413060        0x0 /usr/lib/gcc/x86_64-pc-cygwin/5.4.0/../../../../lib/libcygwin.a(premain1.o)
 .data          0x0000000100413060        0x0 /usr/lib/gcc/x86_64-pc-cygwin/5.4.0/../../../../lib/libcygwin.a(premain2.o)
 .data          0x0000000100413060        0x0 /usr/lib/gcc/x86_64-pc-cygwin/5.4.0/../../../../lib/libcygwin.a(premain3.o)
 .data          0x0000000100413060       0x40 /usr/lib/gcc/x86_64-pc-cygwin/5.4.0/../../../../lib/libcygwin.a(_cygwin_crt0_common.o)
                0x0000000100413060                __cygwin_cxx_malloc
 .data          0x00000001004130a0        0x0 /usr/lib/gcc/x86_64-pc-cygwin/5.4.0/../../../../lib/libcygwin.a(dll_entry.o)
 .data          0x00000001004130a0        0x0 /usr/lib/gcc/x86_64-pc-cygwin/5.4.0/../../../../lib/libcygwin.a(dll_main.o)
 .data          0x00000001004130a0        0x0 /usr/lib/gcc/x86_64-pc-cygwin/5.4.0/../../../../lib/libcygwin.a(pseudo-reloc-dummy.o)
 .data          0x00000001004130a0        0x0 /usr/lib/gcc/x86_64-pc-cygwin/5.4.0/../../../../lib/libcygwin.a(cygwin_attach_dll.o)
 .data          0x00000001004130a0        0x0 /usr/lib/w32api/libkernel32.a(dmqds00598.o)
 .data          0x00000001004130a0        0x0 /usr/lib/w32api/libkernel32.a(dmqds00548.o)
 .data          0x00000001004130a0        0x0 /usr/lib/w32api/libkernel32.a(dmqdh.o)
 .data          0x00000001004130a0        0x0 /usr/lib/w32api/libkernel32.a(dmqdt.o)
 .data          0x00000001004130a0        0x0 /usr/lib/gcc/x86_64-pc-cygwin/5.4.0/libgcc.a(_ctors.o)
 .data          0x00000001004130a0        0x0 /usr/lib/gcc/x86_64-pc-cygwin/5.4.0/crtend.o
 *(.data2)
 *(SORT(.data$*))
 *(.jcr)
 .jcr           0x00000001004130a0        0x0 /usr/lib/gcc/x86_64-pc-cygwin/5.4.0/crtbegin.o
 .jcr           0x00000001004130a0        0x8 /usr/lib/gcc/x86_64-pc-cygwin/5.4.0/crtend.o
                0x00000001004130a8                __data_end__ = .
 *(.data_cygwin_nocopy)

.rdata          0x0000000100414000    0x1aa00
 *(.rdata)
 .rdata         0x0000000100414000       0x30 /usr/lib/gcc/x86_64-pc-cygwin/5.4.0/crtbegin.o
 *fill*         0x0000000100414030       0x10 
 .rdata         0x0000000100414040      0x580 /tmp/ccp5tlFs.o
 .rdata         0x00000001004145c0      0xa60 /tmp/ccf2EGuz.o
 .rdata         0x0000000100415020      0x190 /tmp/ccC1wSgl.o
 *fill*         0x00000001004151b0       0x10 
 .rdata         0x00000001004151c0      0x560 /tmp/ccDm9YJA.o
                0x0000000100415280                fs_partitions
 .rdata         0x0000000100415720      0x310 /tmp/ccNWYZTC.o
 .rdata         0x0000000100415a30      0x780 /tmp/ccBQqThi.o
 *fill*         0x00000001004161b0       0x10 
 .rdata         0x00000001004161c0     0x16e0 /tmp/ccfTFTJ2.o
                0x00000001004167a0                elysian_http_methods
                0x00000001004169e0                elysian_http_status_codes
                0x0000000100417220                elysian_http_mime_types
 .rdata         0x00000001004178a0      0x370 /tmp/ccpzcZcG.o
 .rdata         0x0000000100417c10       0x50 /tmp/cc4dkexB.o
 .rdata         0x0000000100417c60       0x50 /tmp/ccTtpOoK.o
 *fill*         0x0000000100417cb0       0x10 
 .rdata         0x0000000100417cc0      0x3e0 /tmp/ccFDPL7v.o
 .rdata         0x00000001004180a0      0x350 /tmp/cctNdqyh.o
 *fill*         0x00000001004183f0       0x10 
 .rdata         0x0000000100418400    0x15fa0 /tmp/cc0vfuMq.o
                0x000000010042d460                rom_fs
                0x000000010042dde0                hdl_fs
                0x000000010042df00                mvc_controllers
 *(SORT(.rdata$*))
 .rdata$.refptr.elysian_isp_http_body_chunked
                0x000000010042e3a0       0x10 /tmp/ccf2EGuz.o
                0x000000010042e3a0                .refptr.elysian_isp_http_body_chunked
 .rdata$.refptr.elysian_isp_http_body_chunked_multipart
                0x000000010042e3b0       0x10 /tmp/ccf2EGuz.o
                0x000000010042e3b0                .refptr.elysian_isp_http_body_chunked_multipart
 .rdata$.refptr.elysian_isp_http_body_raw
                0x000000010042e3c0       0x10 /tmp/ccf2EGuz.o
                0x000000010042e3c0                .refptr.elysian_isp_http_body_raw
 .rdata$.refptr.elysian_isp_http_body_raw_multipart
                0x000000010042e3d0       0x10 /tmp/ccf2EGuz.o
                0x000000010042e3d0                .refptr.elysian_isp_http_body_raw_multipart
 .rdata$.refptr.elysian_isp_http_headers
                0x000000010042e3e0       0x10 /tmp/ccf2EGuz.o
                0x000000010042e3e0                .refptr.elysian_isp_http_headers
 .rdata$zzz     0x000000010042e3f0       0x40 /usr/lib/gcc/x86_64-pc-cygwin/5.4.0/../../../../lib/crt0.o
 .rdata$zzz     0x000000010042e430       0x20 /usr/lib/gcc/x86_64-pc-cygwin/5.4.0/crtbegin.o
 .rdata$zzz     0x000000010042e450       0x20 /tmp/ccp5tlFs.o
 .rdata$zzz     0x000000010042e470       0x20 /tmp/ccf2EGuz.o
 .rdata$zzz     0x000000010042e490       0x20 /tmp/ccC1wSgl.o
 .rdata$zzz     0x000000010042e4b0       0x20 /tmp/ccDm9YJA.o
 .rdata$zzz     0x000000010042e4d0       0x20 /tmp/ccNWYZTC.o
 .rdata$zzz     0x000000010042e4f0       0x20 /tmp/ccBQqThi.o
 .rdata$zzz     0x000000010042e510       0x20 /tmp/ccfTFTJ2.o
 .rdata$zzz     0x000000010042e530       0x20 /tmp/ccpzcZcG.o
 .rdata$zzz     0x000000010042e550       0x20 /tmp/ccSIwZgm.o
 .rdata$zzz     0x000000010042e570       0x20 /tmp/cc4dkexB.o
 .rdata$zzz     0x000000010042e590       0x20 /tmp/ccTtpOoK.o
 .rdata$zzz     0x000000010042e5b0       0x20 /tmp/ccFDPL7v.o
 .rdata$zzz     0x000000010042e5d0       0x20 /tmp/cctNdqyh.o
 .rdata$zzz     0x000000010042e5f0       0x20 /tmp/cc0vfuMq.o
 .rdata$zzz     0x000000010042e610       0x40 /usr/lib/gcc/x86_64-pc-cygwin/5.4.0/../../../../lib/libcygwin.a(cygwin_crt0.o)
 .rdata$zzz     0x000000010042e650       0x40 /usr/lib/gcc/x86_64-pc-cygwin/5.4.0/../../../../lib/libcygwin.a(premain0.o)
 .rdata$zzz     0x000000010042e690       0x40 /usr/lib/gcc/x86_64-pc-cygwin/5.4.0/../../../../lib/libcygwin.a(premain1.o)
 .rdata$zzz     0x000000010042e6d0       0x40 /usr/lib/gcc/x86_64-pc-cygwin/5.4.0/../../../../lib/libcygwin.a(premain2.o)
 .rdata$zzz     0x000000010042e710       0x40 /usr/lib/gcc/x86_64-pc-cygwin/5.4.0/../../../../lib/libcygwin.a(premain3.o)
 .rdata$zzz     0x000000010042e750       0x40 /usr/lib/gcc/x86_64-pc-cygwin/5.4.0/../../../../lib/libcygwin.a(_cygwin_crt0_common.o)
 .rdata$zzz     0x000000010042e790       0x40 /usr/lib/gcc/x86_64-pc-cygwin/5.4.0/../../../../lib/libcygwin.a(dll_entry.o)
 .rdata$zzz     0x000000010042e7d0       0x40 /usr/lib/gcc/x86_64-pc-cygwin/5.4.0/../../../../lib/libcygwin.a(dll_main.o)
 .rdata$zzz     0x000000010042e810       0x40 /usr/lib/gcc/x86_64-pc-cygwin/5.4.0/../../../../lib/libcygwin.a(pseudo-reloc-dummy.o)
 .rdata$zzz     0x000000010042e850       0x40 /usr/lib/gcc/x86_64-pc-cygwin/5.4.0/../../../../lib/libcygwin.a(cygwin_attach_dll.o)
 .rdata$zzz     0x000000010042e890       0x20 /usr/lib/gcc/x86_64-pc-cygwin/5.4.0/libgcc.a(_ctors.o)
 .rdata$zzz     0x000000010042e8b0       0x20 /usr/lib/gcc/x86_64-pc-cygwin/5.4.0/crtend.o
                0x000000010042e8d0                __rt_psrelocs_start = .
 *(.rdata_runtime_pseudo_reloc)
                0x000000010042e8d0                __rt_psrelocs_end = .
                0x0000000000000000                __rt_psrelocs_size = (__rt_psrelocs_end - __rt_psrelocs_start)
                0x000000010042e8d0                ___RUNTIME_PSEUDO_RELOC_LIST_END__ = .
                0x000000010042e8d0                __RUNTIME_PSEUDO_RELOC_LIST_END__ = .
                0x000000010042e8d0                ___RUNTIME_PSEUDO_RELOC_LIST__ = (. - __rt_psrelocs_size)
                0x000000010042e8d0                __RUNTIME_PSEUDO_RELOC_LIST__ = (. - __rt_psrelocs_size)

.buildid        0x000000010042f000      0x200
 .buildid       0x000000010042f000       0x35 /usr/lib/gcc/x86_64-pc-cygwin/5.4.0/../../../../lib/crt0.o

.eh_frame
 *(.eh_frame*)

.pdata          0x0000000100430000      0xc00
 *(.pdata*)
 .pdata         0x0000000100430000        0xc /usr/lib/gcc/x86_64-pc-cygwin/5.4.0/../../../../lib/crt0.o
 .pdata         0x000000010043000c       0x24 /usr/lib/gcc/x86_64-pc-cygwin/5.4.0/crtbegin.o
 .pdata         0x0000000100430030      0x12c /tmp/ccp5tlFs.o
 .pdata         0x000000010043015c      0x138 /tmp/ccf2EGuz.o
 .pdata         0x0000000100430294       0x90 /tmp/ccC1wSgl.o
 .pdata         0x0000000100430324      0x138 /tmp/ccDm9YJA.o
 .pdata         0x000000010043045c       0xcc /tmp/ccNWYZTC.o
 .pdata         0x0000000100430528      0x150 /tmp/ccBQqThi.o
 .pdata         0x0000000100430678       0xe4 /tmp/ccfTFTJ2.o
 .pdata         0x000000010043075c      0x120 /tmp/ccpzcZcG.o
 .pdata         0x000000010043087c       0x18 /tmp/ccSIwZgm.o
 .pdata         0x0000000100430894       0x18 /tmp/cc4dkexB.o
 .pdata         0x00000001004308ac       0x90 /tmp/ccTtpOoK.o
 .pdata         0x000000010043093c       0x54 /tmp/ccFDPL7v.o
 .pdata         0x0000000100430990       0xfc /tmp/cctNdqyh.o
 .pdata         0x0000000100430a8c       0xd8 /tmp/cc0vfuMq.o
 .pdata         0x0000000100430b64        0xc /usr/lib/gcc/x86_64-pc-cygwin/5.4.0/../../../../lib/libcygwin.a(cygwin_crt0.o)
 .pdata         0x0000000100430b70        0xc /usr/lib/gcc/x86_64-pc-cygwin/5.4.0/../../../../lib/libcygwin.a(premain0.o)
 .pdata         0x0000000100430b7c        0xc /usr/lib/gcc/x86_64-pc-cygwin/5.4.0/../../../../lib/libcygwin.a(premain1.o)
 .pdata         0x0000000100430b88        0xc /usr/lib/gcc/x86_64-pc-cygwin/5.4.0/../../../../lib/libcygwin.a(premain2.o)
 .pdata         0x0000000100430b94        0xc /usr/lib/gcc/x86_64-pc-cygwin/5.4.0/../../../../lib/libcygwin.a(premain3.o)
 .pdata         0x0000000100430ba0        0xc /usr/lib/gcc/x86_64-pc-cygwin/5.4.0/../../../../lib/libcygwin.a(_cygwin_crt0_common.o)
 .pdata         0x0000000100430bac       0x24 /usr/lib/gcc/x86_64-pc-cygwin/5.4.0/../../../../lib/libcygwin.a(dll_entry.o)
 .pdata         0x0000000100430bd0        0xc /usr/lib/gcc/x86_64-pc-cygwin/5.4.0/../../../../lib/libcygwin.a(dll_main.o)
 .pdata         0x0000000100430bdc        0xc /usr/lib/gcc/x86_64-pc-cygwin/5.4.0/../../../../lib/libcygwin.a(pseudo-reloc-dummy.o)
 .pdata         0x0000000100430be8        0xc /usr/lib/gcc/x86_64-pc-cygwin/5.4.0/../../../../lib/libcygwin.a(cygwin_attach_dll.o)
 .pdata.startup
                0x0000000100430bf4        0xc /usr/lib/gcc/x86_64-pc-cygwin/5.4.0/crtend.o

.xdata          0x0000000100431000      0xc00
 *(.xdata*)
 .xdata         0x0000000100431000        0x8 /usr/lib/gcc/x86_64-pc-cygwin/5.4.0/../../../../lib/crt0.o
 .xdata         0x0000000100431008       0x1c /usr/lib/gcc/x86_64-pc-cygwin/5.4.0/crtbegin.o
 .xdata         0x0000000100431024      0x124 /tmp/ccp5tlFs.o
 .xdata         0x0000000100431148      0x178 /tmp/ccf2EGuz.o
 .xdata         0x00000001004312c0       0x98 /tmp/ccC1wSgl.o
 .xdata         0x0000000100431358      0x13c /tmp/ccDm9YJA.o
 .xdata         0x0000000100431494       0xd0 /tmp/ccNWYZTC.o
 .xdata         0x0000000100431564      0x14c /tmp/ccBQqThi.o
 .xdata         0x00000001004316b0       0xf0 /tmp/ccfTFTJ2.o
 .xdata         0x00000001004317a0      0x114 /tmp/ccpzcZcG.o
 .xdata         0x00000001004318b4       0x10 /tmp/ccSIwZgm.o
 .xdata         0x00000001004318c4       0x1c /tmp/cc4dkexB.o
 .xdata         0x00000001004318e0       0x98 /tmp/ccTtpOoK.o
 .xdata         0x0000000100431978       0x5c /tmp/ccFDPL7v.o
 .xdata         0x00000001004319d4       0xf8 /tmp/cctNdqyh.o
 .xdata         0x0000000100431acc       0xe4 /tmp/cc0vfuMq.o
 .xdata         0x0000000100431bb0        0x8 /usr/lib/gcc/x86_64-pc-cygwin/5.4.0/../../../../lib/libcygwin.a(cygwin_crt0.o)
 .xdata         0x0000000100431bb8        0x4 /usr/lib/gcc/x86_64-pc-cygwin/5.4.0/../../../../lib/libcygwin.a(premain0.o)
 .xdata         0x0000000100431bbc        0x4 /usr/lib/gcc/x86_64-pc-cygwin/5.4.0/../../../../lib/libcygwin.a(premain1.o)
 .xdata         0x0000000100431bc0        0x4 /usr/lib/gcc/x86_64-pc-cygwin/5.4.0/../../../../lib/libcygwin.a(premain2.o)
 .xdata         0x0000000100431bc4        0x4 /usr/lib/gcc/x86_64-pc-cygwin/5.4.0/../../../../lib/libcygwin.a(premain3.o)
 .xdata         0x0000000100431bc8        0xc /usr/lib/gcc/x86_64-pc-cygwin/5.4.0/../../../../lib/libcygwin.a(_cygwin_crt0_common.o)
 .xdata         0x0000000100431bd4       0x10 /usr/lib/gcc/x86_64-pc-cygwin/5.4.0/../../../../lib/libcygwin.a(dll_entry.o)
 .xdata         0x0000000100431be4        0x4 /usr/lib/gcc/x86_64-pc-cygwin/5.4.0/../../../../lib/libcygwin.a(dll_main.o)
 .xdata         0x0000000100431be8        0x4 /usr/lib/gcc/x86_64-pc-cygwin/5.4.0/../../../../lib/libcygwin.a(pseudo-reloc-dummy.o)
 .xdata         0x0000000100431bec        0x8 /usr/lib/gcc/x86_64-pc-cygwin/5.4.0/../../../../lib/libcygwin.a(cygwin_attach_dll.o)
 .xdata.startup
                0x0000000100431bf4        0x8 /usr/lib/gcc/x86_64-pc-cygwin/5.4.0/crtend.o

.bss            0x0000000100432000      0x260
                0x0000000100432000                __bss_start__ = .
 *(.bss)
 .bss           0x0000000100432000        0x0 /usr/lib/gcc/x86_64-pc-cygwin/5.4.0/../../../../lib/crt0.o
 .bss           0x0000000100432000        0x0 /usr/lib/gcc/x86_64-pc-cygwin/5.4.0/crtbegin.o
 .bss           0x0000000100432000        0x0 /tmp/ccp5tlFs.o
 .bss           0x0000000100432000       0x10 /tmp/ccf2EGuz.o
 .bss           0x0000000100432010        0x0 /tmp/ccC1wSgl.o
 .bss           0x0000000100432010       0x10 /tmp/ccDm9YJA.o
                0x0000000100432010                elysian_mem_usage_bytes
 .bss           0x0000000100432020        0x0 /tmp/ccNWYZTC.o
 .bss           0x0000000100432020        0x0 /tmp/ccBQqThi.o
 .bss           0x0000000100432020        0x0 /tmp/ccfTFTJ2.o
 .bss           0x0000000100432020        0x0 /tmp/ccpzcZcG.o
 .bss           0x0000000100432020       0x10 /tmp/ccSIwZgm.o
                0x0000000100432020                current_value
 .bss           0x0000000100432030        0x0 /tmp/cc4dkexB.o
 .bss           0x0000000100432030        0x0 /tmp/ccTtpOoK.o
 .bss           0x0000000100432030        0x0 /tmp/ccFDPL7v.o
 .bss           0x0000000100432030        0x0 /tmp/cctNdqyh.o
 .bss           0x0000000100432030       0x10 /tmp/cc0vfuMq.o
 .bss           0x0000000100432040        0x0 /usr/lib/gcc/x86_64-pc-cygwin/5.4.0/../../../../lib/libcygwin.a(cygwin_crt0.o)
 .bss           0x0000000100432040        0x0 /usr/lib/gcc/x86_64-pc-cygwin/5.4.0/../../../../lib/libcygwin.a(premain0.o)
 .bss           0x0000000100432040        0x0 /usr/lib/gcc/x86_64-pc-cygwin/5.4.0/../../../../lib/libcygwin.a(premain1.o)
 .bss           0x0000000100432040        0x0 /usr/lib/gcc/x86_64-pc-cygwin/5.4.0/../../../../lib/libcygwin.a(premain2.o)
 .bss           0x0000000100432040        0x0 /usr/lib/gcc/x86_64-pc-cygwin/5.4.0/../../../../lib/libcygwin.a(premain3.o)
 .bss           0x0000000100432040       0x10 /usr/lib/gcc/x86_64-pc-cygwin/5.4.0/../../../../lib/libcygwin.a(_cygwin_crt0_common.o)
                0x0000000100432040                _fmode
 .bss           0x0000000100432050       0x30 /usr/lib/gcc/x86_64-pc-cygwin/5.4.0/../../../../lib/libcygwin.a(dll_entry.o)
                0x0000000100432050                __dynamically_loaded
 .bss           0x0000000100432080        0x0 /usr/lib/gcc/x86_64-pc-cygwin/5.4.0/../../../../lib/libcygwin.a(dll_main.o)
 .bss           0x0000000100432080        0x0 /usr/lib/gcc/x86_64-pc-cygwin/5.4.0/../../../../lib/libcygwin.a(pseudo-reloc-dummy.o)
 .bss           0x0000000100432080      0x160 /usr/lib/gcc/x86_64-pc-cygwin/5.4.0/../../../../lib/libcygwin.a(cygwin_attach_dll.o)
 .bss           0x00000001004321e0        0x0 /usr/lib/w32api/libkernel32.a(dmqds00598.o)
 .bss           0x00000001004321e0        0x0 /usr/lib/w32api/libkernel32.a(dmqds00548.o)
 .bss           0x00000001004321e0        0x0 /usr/lib/w32api/libkernel32.a(dmqdh.o)
 .bss           0x00000001004321e0        0x0 /usr/lib/w32api/libkernel32.a(dmqdt.o)
 .bss           0x00000001004321e0        0x0 /usr/lib/gcc/x86_64-pc-cygwin/5.4.0/libgcc.a(_ctors.o)
 .bss           0x00000001004321e0        0x0 /usr/lib/gcc/x86_64-pc-cygwin/5.4.0/crtend.o
 *(COMMON)
 COMMON         0x00000001004321e0       0x51 /tmp/ccSIwZgm.o
                0x00000001004321e0                history
                0x0000000100432230                samples
 *fill*         0x0000000100432231        0xf 
 COMMON         0x0000000100432240       0x20 /usr/lib/gcc/x86_64-pc-cygwin/5.4.0/libgcc.a(_ctors.o)
                0x0000000100432260                __bss_end__ = .

.edata
 *(.edata)

/DISCARD/
 *(.debug$S)
 *(.debug$T)
 *(.debug$F)
 *(.drectve)
 *(.note.GNU-stack)
 *(.gnu.lto_*)

.idata          0x0000000100433000      0x800
 SORT(*)(.idata$2)
 .idata$2       0x0000000100433000       0x14 /usr/lib/gcc/x86_64-pc-cygwin/5.4.0/../../../../lib/libcygwin.a(d000000.o)
                0x0000000100433000                _head_cygwin1_dll
 .idata$2       0x0000000100433014       0x14 /usr/lib/w32api/libkernel32.a(dmqdh.o)
                0x0000000100433014                _head_lib64_libkernel32_a
 SORT(*)(.idata$3)
                0x0000000100433028        0x4 LONG 0x0
                0x000000010043302c        0x4 LONG 0x0
                0x0000000100433030        0x4 LONG 0x0
                0x0000000100433034        0x4 LONG 0x0
                0x0000000100433038        0x4 LONG 0x0
 SORT(*)(.idata$4)
 .idata$4       0x000000010043303c        0x0 /usr/lib/gcc/x86_64-pc-cygwin/5.4.0/../../../../lib/libcygwin.a(d000000.o)
 .idata$4       0x000000010043303c        0x8 /usr/lib/gcc/x86_64-pc-cygwin/5.4.0/../../../../lib/libcygwin.a(d000014.o)
 .idata$4       0x0000000100433044        0x8 /usr/lib/gcc/x86_64-pc-cygwin/5.4.0/../../../../lib/libcygwin.a(d000021.o)
 .idata$4       0x000000010043304c        0x8 /usr/lib/gcc/x86_64-pc-cygwin/5.4.0/../../../../lib/libcygwin.a(d000041.o)
 .idata$4       0x0000000100433054        0x8 /usr/lib/gcc/x86_64-pc-cygwin/5.4.0/../../../../lib/libcygwin.a(d000044.o)
 .idata$4       0x000000010043305c        0x8 /usr/lib/gcc/x86_64-pc-cygwin/5.4.0/../../../../lib/libcygwin.a(d000087.o)
 .idata$4       0x0000000100433064        0x8 /usr/lib/gcc/x86_64-pc-cygwin/5.4.0/../../../../lib/libcygwin.a(d000092.o)
 .idata$4       0x000000010043306c        0x8 /usr/lib/gcc/x86_64-pc-cygwin/5.4.0/../../../../lib/libcygwin.a(d000106.o)
 .idata$4       0x0000000100433074        0x8 /usr/lib/gcc/x86_64-pc-cygwin/5.4.0/../../../../lib/libcygwin.a(d000206.o)
 .idata$4       0x000000010043307c        0x8 /usr/lib/gcc/x86_64-pc-cygwin/5.4.0/../../../../lib/libcygwin.a(d000212.o)
 .idata$4       0x0000000100433084        0x8 /usr/lib/gcc/x86_64-pc-cygwin/5.4.0/../../../../lib/libcygwin.a(d000227.o)
 .idata$4       0x000000010043308c        0x8 /usr/lib/gcc/x86_64-pc-cygwin/5.4.0/../../../../lib/libcygwin.a(d000288.o)
 .idata$4       0x0000000100433094        0x8 /usr/lib/gcc/x86_64-pc-cygwin/5.4.0/../../../../lib/libcygwin.a(d000339.o)
 .idata$4       0x000000010043309c        0x8 /usr/lib/gcc/x86_64-pc-cygwin/5.4.0/../../../../lib/libcygwin.a(d000341.o)
 .idata$4       0x00000001004330a4        0x8 /usr/lib/gcc/x86_64-pc-cygwin/5.4.0/../../../../lib/libcygwin.a(d000358.o)
 .idata$4       0x00000001004330ac        0x8 /usr/lib/gcc/x86_64-pc-cygwin/5.4.0/../../../../lib/libcygwin.a(d000439.o)
 .idata$4       0x00000001004330b4        0x8 /usr/lib/gcc/x86_64-pc-cygwin/5.4.0/../../../../lib/libcygwin.a(d000441.o)
 .idata$4       0x00000001004330bc        0x8 /usr/lib/gcc/x86_64-pc-cygwin/5.4.0/../../../../lib/libcygwin.a(d000513.o)
 .idata$4       0x00000001004330c4        0x8 /usr/lib/gcc/x86_64-pc-cygwin/5.4.0/../../../../lib/libcygwin.a(d000528.o)
 .idata$4       0x00000001004330cc        0x8 /usr/lib/gcc/x86_64-pc-cygwin/5.4.0/../../../../lib/libcygwin.a(d000530.o)
 .idata$4       0x00000001004330d4        0x8 /usr/lib/gcc/x86_64-pc-cygwin/5.4.0/../../../../lib/libcygwin.a(d000540.o)
 .idata$4       0x00000001004330dc        0x8 /usr/lib/gcc/x86_64-pc-cygwin/5.4.0/../../../../lib/libcygwin.a(d000549.o)
 .idata$4       0x00000001004330e4        0x8 /usr/lib/gcc/x86_64-pc-cygwin/5.4.0/../../../../lib/libcygwin.a(d000571.o)
 .idata$4       0x00000001004330ec        0x8 /usr/lib/gcc/x86_64-pc-cygwin/5.4.0/../../../../lib/libcygwin.a(d000653.o)
 .idata$4       0x00000001004330f4        0x8 /usr/lib/gcc/x86_64-pc-cygwin/5.4.0/../../../../lib/libcygwin.a(d000685.o)
 .idata$4       0x00000001004330fc        0x8 /usr/lib/gcc/x86_64-pc-cygwin/5.4.0/../../../../lib/libcygwin.a(d000805.o)
 .idata$4       0x0000000100433104        0x8 /usr/lib/gcc/x86_64-pc-cygwin/5.4.0/../../../../lib/libcygwin.a(d000856.o)
 .idata$4       0x000000010043310c        0x8 /usr/lib/gcc/x86_64-pc-cygwin/5.4.0/../../../../lib/libcygwin.a(d000873.o)
 .idata$4       0x0000000100433114        0x8 /usr/lib/gcc/x86_64-pc-cygwin/5.4.0/../../../../lib/libcygwin.a(d000874.o)
 .idata$4       0x000000010043311c        0x8 /usr/lib/gcc/x86_64-pc-cygwin/5.4.0/../../../../lib/libcygwin.a(d000879.o)
 .idata$4       0x0000000100433124        0x8 /usr/lib/gcc/x86_64-pc-cygwin/5.4.0/../../../../lib/libcygwin.a(d000963.o)
 .idata$4       0x000000010043312c        0x8 /usr/lib/gcc/x86_64-pc-cygwin/5.4.0/../../../../lib/libcygwin.a(d000994.o)
 .idata$4       0x0000000100433134        0x8 /usr/lib/gcc/x86_64-pc-cygwin/5.4.0/../../../../lib/libcygwin.a(d001137.o)
 .idata$4       0x000000010043313c        0x8 /usr/lib/gcc/x86_64-pc-cygwin/5.4.0/../../../../lib/libcygwin.a(d001140.o)
 .idata$4       0x0000000100433144        0x8 /usr/lib/gcc/x86_64-pc-cygwin/5.4.0/../../../../lib/libcygwin.a(d001151.o)
 .idata$4       0x000000010043314c        0x8 /usr/lib/gcc/x86_64-pc-cygwin/5.4.0/../../../../lib/libcygwin.a(d001212.o)
 .idata$4       0x0000000100433154        0x8 /usr/lib/gcc/x86_64-pc-cygwin/5.4.0/../../../../lib/libcygwin.a(d001286.o)
 .idata$4       0x000000010043315c        0x8 /usr/lib/gcc/x86_64-pc-cygwin/5.4.0/../../../../lib/libcygwin.a(d001312.o)
 .idata$4       0x0000000100433164        0x8 /usr/lib/gcc/x86_64-pc-cygwin/5.4.0/../../../../lib/libcygwin.a(d001336.o)
 .idata$4       0x000000010043316c        0x8 /usr/lib/gcc/x86_64-pc-cygwin/5.4.0/../../../../lib/libcygwin.a(d001342.o)
 .idata$4       0x0000000100433174        0x8 /usr/lib/gcc/x86_64-pc-cygwin/5.4.0/../../../../lib/libcygwin.a(d001345.o)
 .idata$4       0x000000010043317c        0x8 /usr/lib/gcc/x86_64-pc-cygwin/5.4.0/../../../../lib/libcygwin.a(d001357.o)
 .idata$4       0x0000000100433184        0x8 /usr/lib/gcc/x86_64-pc-cygwin/5.4.0/../../../../lib/libcygwin.a(d001362.o)
 .idata$4       0x000000010043318c        0x8 /usr/lib/gcc/x86_64-pc-cygwin/5.4.0/../../../../lib/libcygwin.a(d001373.o)
 .idata$4       0x0000000100433194        0x8 /usr/lib/gcc/x86_64-pc-cygwin/5.4.0/../../../../lib/libcygwin.a(d001447.o)
 .idata$4       0x000000010043319c        0x8 /usr/lib/gcc/x86_64-pc-cygwin/5.4.0/../../../../lib/libcygwin.a(d001449.o)
 .idata$4       0x00000001004331a4        0x8 /usr/lib/gcc/x86_64-pc-cygwin/5.4.0/../../../../lib/libcygwin.a(d001480.o)
 .idata$4       0x00000001004331ac        0x8 /usr/lib/gcc/x86_64-pc-cygwin/5.4.0/../../../../lib/libcygwin.a(d001583.o)
 .idata$4       0x00000001004331b4        0x8 /usr/lib/gcc/x86_64-pc-cygwin/5.4.0/../../../../lib/libcygwin.a(d001639.o)
 .idata$4       0x00000001004331bc        0x0 /usr/lib/w32api/libkernel32.a(dmqdh.o)
 .idata$4       0x00000001004331bc        0x8 /usr/lib/w32api/libkernel32.a(dmqds00548.o)
 .idata$4       0x00000001004331c4        0x8 /usr/lib/w32api/libkernel32.a(dmqds00598.o)
 .idata$4       0x00000001004331cc        0x8 /usr/lib/w32api/libkernel32.a(dmqdt.o)
                0x00000001004331d4                __IAT_start__ = .
 SORT(*)(.idata$5)
 .idata$5       0x00000001004331d4        0x0 /usr/lib/gcc/x86_64-pc-cygwin/5.4.0/../../../../lib/libcygwin.a(d000000.o)
 .idata$5       0x00000001004331d4        0x8 /usr/lib/gcc/x86_64-pc-cygwin/5.4.0/../../../../lib/libcygwin.a(d000014.o)
                0x00000001004331d4                __imp___cxa_atexit
 .idata$5       0x00000001004331dc        0x8 /usr/lib/gcc/x86_64-pc-cygwin/5.4.0/../../../../lib/libcygwin.a(d000021.o)
                0x00000001004331dc                __imp___errno
 .idata$5       0x00000001004331e4        0x8 /usr/lib/gcc/x86_64-pc-cygwin/5.4.0/../../../../lib/libcygwin.a(d000041.o)
                0x00000001004331e4                __imp___locale_ctype_ptr
 .idata$5       0x00000001004331ec        0x8 /usr/lib/gcc/x86_64-pc-cygwin/5.4.0/../../../../lib/libcygwin.a(d000044.o)
                0x00000001004331ec                __imp___main
 .idata$5       0x00000001004331f4        0x8 /usr/lib/gcc/x86_64-pc-cygwin/5.4.0/../../../../lib/libcygwin.a(d000087.o)
                0x00000001004331f4                __imp__dll_crt0
 .idata$5       0x00000001004331fc        0x8 /usr/lib/gcc/x86_64-pc-cygwin/5.4.0/../../../../lib/libcygwin.a(d000092.o)
                0x00000001004331fc                __imp__impure_ptr
 .idata$5       0x0000000100433204        0x8 /usr/lib/gcc/x86_64-pc-cygwin/5.4.0/../../../../lib/libcygwin.a(d000106.o)
                0x0000000100433204                __imp_accept
 .idata$5       0x000000010043320c        0x8 /usr/lib/gcc/x86_64-pc-cygwin/5.4.0/../../../../lib/libcygwin.a(d000206.o)
                0x000000010043320c                __imp_atoi
 .idata$5       0x0000000100433214        0x8 /usr/lib/gcc/x86_64-pc-cygwin/5.4.0/../../../../lib/libcygwin.a(d000212.o)
                0x0000000100433214                __imp_bind
 .idata$5       0x000000010043321c        0x8 /usr/lib/gcc/x86_64-pc-cygwin/5.4.0/../../../../lib/libcygwin.a(d000227.o)
                0x000000010043321c                __imp_calloc
 .idata$5       0x0000000100433224        0x8 /usr/lib/gcc/x86_64-pc-cygwin/5.4.0/../../../../lib/libcygwin.a(d000288.o)
                0x0000000100433224                __imp_close
 .idata$5       0x000000010043322c        0x8 /usr/lib/gcc/x86_64-pc-cygwin/5.4.0/../../../../lib/libcygwin.a(d000339.o)
                0x000000010043322c                __imp_cygwin_detach_dll
 .idata$5       0x0000000100433234        0x8 /usr/lib/gcc/x86_64-pc-cygwin/5.4.0/../../../../lib/libcygwin.a(d000341.o)
                0x0000000100433234                __imp_cygwin_internal
 .idata$5       0x000000010043323c        0x8 /usr/lib/gcc/x86_64-pc-cygwin/5.4.0/../../../../lib/libcygwin.a(d000358.o)
                0x000000010043323c                __imp_dll_dllcrt0
 .idata$5       0x0000000100433244        0x8 /usr/lib/gcc/x86_64-pc-cygwin/5.4.0/../../../../lib/libcygwin.a(d000439.o)
                0x0000000100433244                __imp_fclose
 .idata$5       0x000000010043324c        0x8 /usr/lib/gcc/x86_64-pc-cygwin/5.4.0/../../../../lib/libcygwin.a(d000441.o)
                0x000000010043324c                __imp_fcntl
 .idata$5       0x0000000100433254        0x8 /usr/lib/gcc/x86_64-pc-cygwin/5.4.0/../../../../lib/libcygwin.a(d000513.o)
                0x0000000100433254                __imp_fopen
 .idata$5       0x000000010043325c        0x8 /usr/lib/gcc/x86_64-pc-cygwin/5.4.0/../../../../lib/libcygwin.a(d000528.o)
                0x000000010043325c                __imp_fread
 .idata$5       0x0000000100433264        0x8 /usr/lib/gcc/x86_64-pc-cygwin/5.4.0/../../../../lib/libcygwin.a(d000530.o)
                0x0000000100433264                __imp_free
 .idata$5       0x000000010043326c        0x8 /usr/lib/gcc/x86_64-pc-cygwin/5.4.0/../../../../lib/libcygwin.a(d000540.o)
                0x000000010043326c                __imp_fseek
 .idata$5       0x0000000100433274        0x8 /usr/lib/gcc/x86_64-pc-cygwin/5.4.0/../../../../lib/libcygwin.a(d000549.o)
                0x0000000100433274                __imp_ftell
 .idata$5       0x000000010043327c        0x8 /usr/lib/gcc/x86_64-pc-cygwin/5.4.0/../../../../lib/libcygwin.a(d000571.o)
                0x000000010043327c                __imp_fwrite
 .idata$5       0x0000000100433284        0x8 /usr/lib/gcc/x86_64-pc-cygwin/5.4.0/../../../../lib/libcygwin.a(d000653.o)
                0x0000000100433284                __imp_gettimeofday
 .idata$5       0x000000010043328c        0x8 /usr/lib/gcc/x86_64-pc-cygwin/5.4.0/../../../../lib/libcygwin.a(d000685.o)
                0x000000010043328c                __imp_htons
 .idata$5       0x0000000100433294        0x8 /usr/lib/gcc/x86_64-pc-cygwin/5.4.0/../../../../lib/libcygwin.a(d000805.o)
                0x0000000100433294                __imp_listen
 .idata$5       0x000000010043329c        0x8 /usr/lib/gcc/x86_64-pc-cygwin/5.4.0/../../../../lib/libcygwin.a(d000856.o)
                0x000000010043329c                __imp_malloc
 .idata$5       0x00000001004332a4        0x8 /usr/lib/gcc/x86_64-pc-cygwin/5.4.0/../../../../lib/libcygwin.a(d000873.o)
                0x00000001004332a4                __imp_memcmp
 .idata$5       0x00000001004332ac        0x8 /usr/lib/gcc/x86_64-pc-cygwin/5.4.0/../../../../lib/libcygwin.a(d000874.o)
                0x00000001004332ac                __imp_memcpy
 .idata$5       0x00000001004332b4        0x8 /usr/lib/gcc/x86_64-pc-cygwin/5.4.0/../../../../lib/libcygwin.a(d000879.o)
                0x00000001004332b4                __imp_memset
 .idata$5       0x00000001004332bc        0x8 /usr/lib/gcc/x86_64-pc-cygwin/5.4.0/../../../../lib/libcygwin.a(d000963.o)
                0x00000001004332bc                __imp_posix_memalign
 .idata$5       0x00000001004332c4        0x8 /usr/lib/gcc/x86_64-pc-cygwin/5.4.0/../../../../lib/libcygwin.a(d000994.o)
                0x00000001004332c4                __imp_printf
 .idata$5       0x00000001004332cc        0x8 /usr/lib/gcc/x86_64-pc-cygwin/5.4.0/../../../../lib/libcygwin.a(d001137.o)
                0x00000001004332cc                __imp_realloc
 .idata$5       0x00000001004332d4        0x8 /usr/lib/gcc/x86_64-pc-cygwin/5.4.0/../../../../lib/libcygwin.a(d001140.o)
                0x00000001004332d4                __imp_recv
 .idata$5       0x00000001004332dc        0x8 /usr/lib/gcc/x86_64-pc-cygwin/5.4.0/../../../../lib/libcygwin.a(d001151.o)
                0x00000001004332dc                __imp_remove
 .idata$5       0x00000001004332e4        0x8 /usr/lib/gcc/x86_64-pc-cygwin/5.4.0/../../../../lib/libcygwin.a(d001212.o)
                0x00000001004332e4                __imp_select
 .idata$5       0x00000001004332ec        0x8 /usr/lib/gcc/x86_64-pc-cygwin/5.4.0/../../../../lib/libcygwin.a(d001286.o)
                0x00000001004332ec                __imp_signal
 .idata$5       0x00000001004332f4        0x8 /usr/lib/gcc/x86_64-pc-cygwin/5.4.0/../../../../lib/libcygwin.a(d001312.o)
                0x00000001004332f4                __imp_socket
 .idata$5       0x00000001004332fc        0x8 /usr/lib/gcc/x86_64-pc-cygwin/5.4.0/../../../../lib/libcygwin.a(d001336.o)
                0x00000001004332fc                __imp_strcasecmp
 .idata$5       0x0000000100433304        0x8 /usr/lib/gcc/x86_64-pc-cygwin/5.4.0/../../../../lib/libcygwin.a(d001342.o)
                0x0000000100433304                __imp_strcmp
 .idata$5       0x000000010043330c        0x8 /usr/lib/gcc/x86_64-pc-cygwin/5.4.0/../../../../lib/libcygwin.a(d001345.o)
                0x000000010043330c                __imp_strcpy
 .idata$5       0x0000000100433314        0x8 /usr/lib/gcc/x86_64-pc-cygwin/5.4.0/../../../../lib/libcygwin.a(d001357.o)
                0x0000000100433314                __imp_strlen
 .idata$5       0x000000010043331c        0x8 /usr/lib/gcc/x86_64-pc-cygwin/5.4.0/../../../../lib/libcygwin.a(d001362.o)
                0x000000010043331c                __imp_strncmp
 .idata$5       0x0000000100433324        0x8 /usr/lib/gcc/x86_64-pc-cygwin/5.4.0/../../../../lib/libcygwin.a(d001373.o)
                0x0000000100433324                __imp_strstr
 .idata$5       0x000000010043332c        0x8 /usr/lib/gcc/x86_64-pc-cygwin/5.4.0/../../../../lib/libcygwin.a(d001447.o)
                0x000000010043332c                __imp_tolower
 .idata$5       0x0000000100433334        0x8 /usr/lib/gcc/x86_64-pc-cygwin/5.4.0/../../../../lib/libcygwin.a(d001449.o)
                0x0000000100433334                __imp_toupper
 .idata$5       0x000000010043333c        0x8 /usr/lib/gcc/x86_64-pc-cygwin/5.4.0/../../../../lib/libcygwin.a(d001480.o)
                0x000000010043333c                __imp_usleep
 .idata$5       0x0000000100433344        0x8 /usr/lib/gcc/x86_64-pc-cygwin/5.4.0/../../../../lib/libcygwin.a(d001583.o)
                0x0000000100433344                __imp_write
 .idata$5       0x000000010043334c        0x8 /usr/lib/gcc/x86_64-pc-cygwin/5.4.0/../../../../lib/libcygwin.a(d001639.o)
 .idata$5       0x0000000100433354        0x0 /usr/lib/w32api/libkernel32.a(dmqdh.o)
 .idata$5       0x0000000100433354        0x8 /usr/lib/w32api/libkernel32.a(dmqds00548.o)
                0x0000000100433354                __imp_GetModuleHandleA
 .idata$5       0x000000010043335c        0x8 /usr/lib/w32api/libkernel32.a(dmqds00598.o)
                0x000000010043335c                __imp_GetProcAddress
 .idata$5       0x0000000100433364        0x8 /usr/lib/w32api/libkernel32.a(dmqdt.o)
                0x000000010043336c                __IAT_end__ = .
 SORT(*)(.idata$6)
 .idata$6       0x000000010043336c       0x10 /usr/lib/gcc/x86_64-pc-cygwin/5.4.0/../../../../lib/libcygwin.a(d000014.o)
 .idata$6       0x000000010043337c        0xc /usr/lib/gcc/x86_64-pc-cygwin/5.4.0/../../../../lib/libcygwin.a(d000021.o)
 .idata$6       0x0000000100433388       0x18 /usr/lib/gcc/x86_64-pc-cygwin/5.4.0/../../../../lib/libcygwin.a(d000041.o)
 .idata$6       0x00000001004333a0        0xc /usr/lib/gcc/x86_64-pc-cygwin/5.4.0/../../../../lib/libcygwin.a(d000044.o)
 .idata$6       0x00000001004333ac        0xc /usr/lib/gcc/x86_64-pc-cygwin/5.4.0/../../../../lib/libcygwin.a(d000087.o)
 .idata$6       0x00000001004333b8       0x10 /usr/lib/gcc/x86_64-pc-cygwin/5.4.0/../../../../lib/libcygwin.a(d000092.o)
                0x00000001004333b8                __nm__impure_ptr
 .idata$6       0x00000001004333c8        0xc /usr/lib/gcc/x86_64-pc-cygwin/5.4.0/../../../../lib/libcygwin.a(d000106.o)
 .idata$6       0x00000001004333d4        0x8 /usr/lib/gcc/x86_64-pc-cygwin/5.4.0/../../../../lib/libcygwin.a(d000206.o)
 .idata$6       0x00000001004333dc        0x8 /usr/lib/gcc/x86_64-pc-cygwin/5.4.0/../../../../lib/libcygwin.a(d000212.o)
 .idata$6       0x00000001004333e4        0xc /usr/lib/gcc/x86_64-pc-cygwin/5.4.0/../../../../lib/libcygwin.a(d000227.o)
 .idata$6       0x00000001004333f0        0x8 /usr/lib/gcc/x86_64-pc-cygwin/5.4.0/../../../../lib/libcygwin.a(d000288.o)
 .idata$6       0x00000001004333f8       0x14 /usr/lib/gcc/x86_64-pc-cygwin/5.4.0/../../../../lib/libcygwin.a(d000339.o)
 .idata$6       0x000000010043340c       0x14 /usr/lib/gcc/x86_64-pc-cygwin/5.4.0/../../../../lib/libcygwin.a(d000341.o)
 .idata$6       0x0000000100433420       0x10 /usr/lib/gcc/x86_64-pc-cygwin/5.4.0/../../../../lib/libcygwin.a(d000358.o)
 .idata$6       0x0000000100433430        0xc /usr/lib/gcc/x86_64-pc-cygwin/5.4.0/../../../../lib/libcygwin.a(d000439.o)
 .idata$6       0x000000010043343c        0x8 /usr/lib/gcc/x86_64-pc-cygwin/5.4.0/../../../../lib/libcygwin.a(d000441.o)
 .idata$6       0x0000000100433444        0x8 /usr/lib/gcc/x86_64-pc-cygwin/5.4.0/../../../../lib/libcygwin.a(d000513.o)
 .idata$6       0x000000010043344c        0x8 /usr/lib/gcc/x86_64-pc-cygwin/5.4.0/../../../../lib/libcygwin.a(d000528.o)
 .idata$6       0x0000000100433454        0x8 /usr/lib/gcc/x86_64-pc-cygwin/5.4.0/../../../../lib/libcygwin.a(d000530.o)
 .idata$6       0x000000010043345c        0x8 /usr/lib/gcc/x86_64-pc-cygwin/5.4.0/../../../../lib/libcygwin.a(d000540.o)
 .idata$6       0x0000000100433464        0x8 /usr/lib/gcc/x86_64-pc-cygwin/5.4.0/../../../../lib/libcygwin.a(d000549.o)
 .idata$6       0x000000010043346c        0xc /usr/lib/gcc/x86_64-pc-cygwin/5.4.0/../../../../lib/libcygwin.a(d000571.o)
 .idata$6       0x0000000100433478       0x10 /usr/lib/gcc/x86_64-pc-cygwin/5.4.0/../../../../lib/libcygwin.a(d000653.o)
 .idata$6       0x0000000100433488        0x8 /usr/lib/gcc/x86_64-pc-cygwin/5.4.0/../../../../lib/libcygwin.a(d000685.o)
 .idata$6       0x0000000100433490        0xc /usr/lib/gcc/x86_64-pc-cygwin/5.4.0/../../../../lib/libcygwin.a(d000805.o)
 .idata$6       0x000000010043349c        0xc /usr/lib/gcc/x86_64-pc-cygwin/5.4.0/../../../../lib/libcygwin.a(d000856.o)
 .idata$6       0x00000001004334a8        0xc /usr/lib/gcc/x86_64-pc-cygwin/5.4.0/../../../../lib/libcygwin.a(d000873.o)
 .idata$6       0x00000001004334b4        0xc /usr/lib/gcc/x86_64-pc-cygwin/5.4.0/../../../../lib/libcygwin.a(d000874.o)
 .idata$6       0x00000001004334c0        0xc /usr/lib/gcc/x86_64-pc-cygwin/5.4.0/../../../../lib/libcygwin.a(d000879.o)
 .idata$6       0x00000001004334cc       0x14 /usr/lib/gcc/x86_64-pc-cygwin/5.4.0/../../../../lib/libcygwin.a(d000963.o)
 .idata$6       0x00000001004334e0        0xc /usr/lib/gcc/x86_64-pc-cygwin/5.4.0/../../../../lib/libcygwin.a(d000994.o)
 .idata$6       0x00000001004334ec        0xc /usr/lib/gcc/x86_64-pc-cygwin/5.4.0/../../../../lib/libcygwin.a(d001137.o)
 .idata$6       0x00000001004334f8        0x8 /usr/lib/gcc/x86_64-pc-cygwin/5.4.0/../../../../lib/libcygwin.a(d001140.o)
 .idata$6       0x0000000100433500        0xc /usr/lib/gcc/x86_64-pc-cygwin/5.4.0/../../../../lib/libcygwin.a(d001151.o)
 .idata$6       0x000000010043350c        0xc /usr/lib/gcc/x86_64-pc-cygwin/5.4.0/../../../../lib/libcygwin.a(d001212.o)
 .idata$6       0x0000000100433518        0xc /usr/lib/gcc/x86_64-pc-cygwin/5.4.0/../../../../lib/libcygwin.a(d001286.o)
 .idata$6       0x0000000100433524        0xc /usr/lib/gcc/x86_64-pc-cygwin/5.4.0/../../../../lib/libcygwin.a(d001312.o)
 .idata$6       0x0000000100433530       0x10 /usr/lib/gcc/x86_64-pc-cygwin/5.4.0/../../../../lib/libcygwin.a(d001336.o)
 .idata$6       0x0000000100433540        0xc /usr/lib/gcc/x86_64-pc-cygwin/5.4.0/../../../../lib/libcygwin.a(d001342.o)
 .idata$6       0x000000010043354c        0xc /usr/lib/gcc/x86_64-pc-cygwin/5.4.0/../../../../lib/libcygwin.a(d001345.o)
 .idata$6       0x0000000100433558        0xc /usr/lib/gcc/x86_64-pc-cygwin/5.4.0/../../../../lib/libcygwin.a(d001357.o)
 .idata$6       0x0000000100433564        0xc /usr/lib/gcc/x86_64-pc-cygwin/5.4.0/../../../../lib/libcygwin.a(d001362.o)
 .idata$6       0x0000000100433570        0xc /usr/lib/gcc/x86_64-pc-cygwin/5.4.0/../../../../lib/libcygwin.a(d001373.o)
 .idata$6       0x000000010043357c        0xc /usr/lib/gcc/x86_64-pc-cygwin/5.4.0/../../../../lib/libcygwin.a(d001447.o)
 .idata$6       0x0000000100433588        0xc /usr/lib/gcc/x86_64-pc-cygwin/5.4.0/../../../../lib/libcygwin.a(d001449.o)
 .idata$6       0x0000000100433594        0xc /usr/lib/gcc/x86_64-pc-cygwin/5.4.0/../../../../lib/libcygwin.a(d001480.o)
 .idata$6       0x00000001004335a0        0x8 /usr/lib/gcc/x86_64-pc-cygwin/5.4.0/../../../../lib/libcygwin.a(d001583.o)
 .idata$6       0x00000001004335a8       0x14 /usr/lib/w32api/libkernel32.a(dmqds00548.o)
 .idata$6       0x00000001004335bc       0x12 /usr/lib/w32api/libkernel32.a(dmqds00598.o)
 SORT(*)(.idata$7)
 *fill*         0x00000001004335ce        0x2 
 .idata$7       0x00000001004335d0        0x4 /usr/lib/gcc/x86_64-pc-cygwin/5.4.0/../../../../lib/libcygwin.a(d000014.o)
 .idata$7       0x00000001004335d4        0x4 /usr/lib/gcc/x86_64-pc-cygwin/5.4.0/../../../../lib/libcygwin.a(d000021.o)
 .idata$7       0x00000001004335d8        0x4 /usr/lib/gcc/x86_64-pc-cygwin/5.4.0/../../../../lib/libcygwin.a(d000041.o)
 .idata$7       0x00000001004335dc        0x4 /usr/lib/gcc/x86_64-pc-cygwin/5.4.0/../../../../lib/libcygwin.a(d000044.o)
 .idata$7       0x00000001004335e0        0x4 /usr/lib/gcc/x86_64-pc-cygwin/5.4.0/../../../../lib/libcygwin.a(d000087.o)
 .idata$7       0x00000001004335e4        0x4 /usr/lib/gcc/x86_64-pc-cygwin/5.4.0/../../../../lib/libcygwin.a(d000092.o)
 .idata$7       0x00000001004335e8        0x4 /usr/lib/gcc/x86_64-pc-cygwin/5.4.0/../../../../lib/libcygwin.a(d000106.o)
 .idata$7       0x00000001004335ec        0x4 /usr/lib/gcc/x86_64-pc-cygwin/5.4.0/../../../../lib/libcygwin.a(d000206.o)
 .idata$7       0x00000001004335f0        0x4 /usr/lib/gcc/x86_64-pc-cygwin/5.4.0/../../../../lib/libcygwin.a(d000212.o)
 .idata$7       0x00000001004335f4        0x4 /usr/lib/gcc/x86_64-pc-cygwin/5.4.0/../../../../lib/libcygwin.a(d000227.o)
 .idata$7       0x00000001004335f8        0x4 /usr/lib/gcc/x86_64-pc-cygwin/5.4.0/../../../../lib/libcygwin.a(d000288.o)
 .idata$7       0x00000001004335fc        0x4 /usr/lib/gcc/x86_64-pc-cygwin/5.4.0/../../../../lib/libcygwin.a(d000339.o)
 .idata$7       0x0000000100433600        0x4 /usr/lib/gcc/x86_64-pc-cygwin/5.4.0/../../../../lib/libcygwin.a(d000341.o)
 .idata$7       0x0000000100433604        0x4 /usr/lib/gcc/x86_64-pc-cygwin/5.4.0/../../../../lib/libcygwin.a(d000358.o)
 .idata$7       0x0000000100433608        0x4 /usr/lib/gcc/x86_64-pc-cygwin/5.4.0/../../../../lib/libcygwin.a(d000439.o)
 .idata$7       0x000000010043360c        0x4 /usr/lib/gcc/x86_64-pc-cygwin/5.4.0/../../../../lib/libcygwin.a(d000441.o)
 .idata$7       0x0000000100433610        0x4 /usr/lib/gcc/x86_64-pc-cygwin/5.4.0/../../../../lib/libcygwin.a(d000513.o)
 .idata$7       0x0000000100433614        0x4 /usr/lib/gcc/x86_64-pc-cygwin/5.4.0/../../../../lib/libcygwin.a(d000528.o)
 .idata$7       0x0000000100433618        0x4 /usr/lib/gcc/x86_64-pc-cygwin/5.4.0/../../../../lib/libcygwin.a(d000530.o)
 .idata$7       0x000000010043361c        0x4 /usr/lib/gcc/x86_64-pc-cygwin/5.4.0/../../../../lib/libcygwin.a(d000540.o)
 .idata$7       0x0000000100433620        0x4 /usr/lib/gcc/x86_64-pc-cygwin/5.4.0/../../../../lib/libcygwin.a(d000549.o)
 .idata$7       0x0000000100433624        0x4 /usr/lib/gcc/x86_64-pc-cygwin/5.4.0/../../../../lib/libcygwin.a(d000571.o)
 .idata$7       0x0000000100433628        0x4 /usr/lib/gcc/x86_64-pc-cygwin/5.4.0/../../../../lib/libcygwin.a(d000653.o)
 .idata$7       0x000000010043362c        0x4 /usr/lib/gcc/x86_64-pc-cygwin/5.4.0/../../../../lib/libcygwin.a(d000685.o)
 .idata$7       0x0000000100433630        0x4 /usr/lib/gcc/x86_64-pc-cygwin/5.4.0/../../../../lib/libcygwin.a(d000805.o)
 .idata$7       0x0000000100433634        0x4 /usr/lib/gcc/x86_64-pc-cygwin/5.4.0/../../../../lib/libcygwin.a(d000856.o)
 .idata$7       0x0000000100433638        0x4 /usr/lib/gcc/x86_64-pc-cygwin/5.4.0/../../../../lib/libcygwin.a(d000873.o)
 .idata$7       0x000000010043363c        0x4 /usr/lib/gcc/x86_64-pc-cygwin/5.4.0/../../../../lib/libcygwin.a(d000874.o)
 .idata$7       0x0000000100433640        0x4 /usr/lib/gcc/x86_64-pc-cygwin/5.4.0/../../../../lib/libcygwin.a(d000879.o)
 .idata$7       0x0000000100433644        0x4 /usr/lib/gcc/x86_64-pc-cygwin/5.4.0/../../../../lib/libcygwin.a(d000963.o)
 .idata$7       0x0000000100433648        0x4 /usr/lib/gcc/x86_64-pc-cygwin/5.4.0/../../../../lib/libcygwin.a(d000994.o)
 .idata$7       0x000000010043364c        0x4 /usr/lib/gcc/x86_64-pc-cygwin/5.4.0/../../../../lib/libcygwin.a(d001137.o)
 .idata$7       0x0000000100433650        0x4 /usr/lib/gcc/x86_64-pc-cygwin/5.4.0/../../../../lib/libcygwin.a(d001140.o)
 .idata$7       0x0000000100433654        0x4 /usr/lib/gcc/x86_64-pc-cygwin/5.4.0/../../../../lib/libcygwin.a(d001151.o)
 .idata$7       0x0000000100433658        0x4 /usr/lib/gcc/x86_64-pc-cygwin/5.4.0/../../../../lib/libcygwin.a(d001212.o)
 .idata$7       0x000000010043365c        0x4 /usr/lib/gcc/x86_64-pc-cygwin/5.4.0/../../../../lib/libcygwin.a(d001286.o)
 .idata$7       0x0000000100433660        0x4 /usr/lib/gcc/x86_64-pc-cygwin/5.4.0/../../../../lib/libcygwin.a(d001312.o)
 .idata$7       0x0000000100433664        0x4 /usr/lib/gcc/x86_64-pc-cygwin/5.4.0/../../../../lib/libcygwin.a(d001336.o)
 .idata$7       0x0000000100433668        0x4 /usr/lib/gcc/x86_64-pc-cygwin/5.4.0/../../../../lib/libcygwin.a(d001342.o)
 .idata$7       0x000000010043366c        0x4 /usr/lib/gcc/x86_64-pc-cygwin/5.4.0/../../../../lib/libcygwin.a(d001345.o)
 .idata$7       0x0000000100433670        0x4 /usr/lib/gcc/x86_64-pc-cygwin/5.4.0/../../../../lib/libcygwin.a(d001357.o)
 .idata$7       0x0000000100433674        0x4 /usr/lib/gcc/x86_64-pc-cygwin/5.4.0/../../../../lib/libcygwin.a(d001362.o)
 .idata$7       0x0000000100433678        0x4 /usr/lib/gcc/x86_64-pc-cygwin/5.4.0/../../../../lib/libcygwin.a(d001373.o)
 .idata$7       0x000000010043367c        0x4 /usr/lib/gcc/x86_64-pc-cygwin/5.4.0/../../../../lib/libcygwin.a(d001447.o)
 .idata$7       0x0000000100433680        0x4 /usr/lib/gcc/x86_64-pc-cygwin/5.4.0/../../../../lib/libcygwin.a(d001449.o)
 .idata$7       0x0000000100433684        0x4 /usr/lib/gcc/x86_64-pc-cygwin/5.4.0/../../../../lib/libcygwin.a(d001480.o)
 .idata$7       0x0000000100433688        0x4 /usr/lib/gcc/x86_64-pc-cygwin/5.4.0/../../../../lib/libcygwin.a(d001583.o)
 .idata$7       0x000000010043368c        0xc /usr/lib/gcc/x86_64-pc-cygwin/5.4.0/../../../../lib/libcygwin.a(d001639.o)
                0x000000010043368c                cygwin1_dll_iname
 .idata$7       0x0000000100433698        0x4 /usr/lib/w32api/libkernel32.a(dmqds00548.o)
 .idata$7       0x000000010043369c        0x4 /usr/lib/w32api/libkernel32.a(dmqds00598.o)
 .idata$7       0x00000001004336a0       0x10 /usr/lib/w32api/libkernel32.a(dmqdt.o)
                0x00000001004336a0                __lib64_libkernel32_a_iname

.CRT            0x0000000100434000        0x0
                0x0000000100434000                ___crt_xc_start__ = .
 *(SORT(.CRT$XC*))
                0x0000000100434000                ___crt_xc_end__ = .
                0x0000000100434000                ___crt_xi_start__ = .
 *(SORT(.CRT$XI*))
                0x0000000100434000                ___crt_xi_end__ = .
                0x0000000100434000                ___crt_xl_start__ = .
 *(SORT(.CRT$XL*))
                0x0000000100434000                ___crt_xp_start__ = .
 *(SORT(.CRT$XP*))
                0x0000000100434000                ___crt_xp_end__ = .
                0x0000000100434000                ___crt_xt_start__ = .
 *(SORT(.CRT$XT*))
                0x0000000100434000                ___crt_xt_end__ = .

.tls            0x0000000100434000        0x0
                0x0000000100434000                ___tls_start__ = .
 *(.tls$AAA)
 *(.tls)
 *(.tls$)
 *(SORT(.tls$*))
 *(.tls$ZZZ)
                0x0000000100434000                ___tls_end__ = .

.endjunk        0x0000000100434000        0x0
                [!provide]                        PROVIDE (end, .)
                [!provide]                        PROVIDE (_end, .)
                0x0000000100434000                __end__ = .

.rsrc           0x0000000100434000      0x600
 *(.rsrc)
 .rsrc          0x0000000100434000      0x4e8 /usr/lib/gcc/x86_64-pc-cygwin/5.4.0/../../../../lib/default-manifest.o
 *(.rsrc$*)

.reloc
 *(.reloc)

.stab
 *(.stab)

.stabstr
 *(.stabstr)

.debug_aranges  0x0000000100435000      0x600
 *(.debug_aranges)
 .debug_aranges
                0x0000000100435000       0x30 /usr/lib/gcc/x86_64-pc-cygwin/5.4.0/../../../../lib/crt0.o
 .debug_aranges
                0x0000000100435030       0x30 /tmp/ccp5tlFs.o
 .debug_aranges
                0x0000000100435060       0x30 /tmp/ccf2EGuz.o
 .debug_aranges
                0x0000000100435090       0x30 /tmp/ccC1wSgl.o
 .debug_aranges
                0x00000001004350c0       0x30 /tmp/ccDm9YJA.o
 .debug_aranges
                0x00000001004350f0       0x30 /tmp/ccNWYZTC.o
 .debug_aranges
                0x0000000100435120       0x30 /tmp/ccBQqThi.o
 .debug_aranges
                0x0000000100435150       0x30 /tmp/ccfTFTJ2.o
 .debug_aranges
                0x0000000100435180       0x30 /tmp/ccpzcZcG.o
 .debug_aranges
                0x00000001004351b0       0x30 /tmp/ccSIwZgm.o
 .debug_aranges
                0x00000001004351e0       0x30 /tmp/cc4dkexB.o
 .debug_aranges
                0x0000000100435210       0x30 /tmp/ccTtpOoK.o
 .debug_aranges
                0x0000000100435240       0x30 /tmp/ccFDPL7v.o
 .debug_aranges
                0x0000000100435270       0x30 /tmp/cctNdqyh.o
 .debug_aranges
                0x00000001004352a0       0x30 /tmp/cc0vfuMq.o
 .debug_aranges
                0x00000001004352d0       0x30 /usr/lib/gcc/x86_64-pc-cygwin/5.4.0/../../../../lib/libcygwin.a(cygwin_crt0.o)
 .debug_aranges
                0x0000000100435300       0x30 /usr/lib/gcc/x86_64-pc-cygwin/5.4.0/../../../../lib/libcygwin.a(premain0.o)
 .debug_aranges
                0x0000000100435330       0x30 /usr/lib/gcc/x86_64-pc-cygwin/5.4.0/../../../../lib/libcygwin.a(premain1.o)
 .debug_aranges
                0x0000000100435360       0x30 /usr/lib/gcc/x86_64-pc-cygwin/5.4.0/../../../../lib/libcygwin.a(premain2.o)
 .debug_aranges
                0x0000000100435390       0x30 /usr/lib/gcc/x86_64-pc-cygwin/5.4.0/../../../../lib/libcygwin.a(premain3.o)
 .debug_aranges
                0x00000001004353c0       0x30 /usr/lib/gcc/x86_64-pc-cygwin/5.4.0/../../../../lib/libcygwin.a(_cygwin_crt0_common.o)
 .debug_aranges
                0x00000001004353f0       0x30 /usr/lib/gcc/x86_64-pc-cygwin/5.4.0/../../../../lib/libcygwin.a(dll_entry.o)
 .debug_aranges
                0x0000000100435420       0x30 /usr/lib/gcc/x86_64-pc-cygwin/5.4.0/../../../../lib/libcygwin.a(dll_main.o)
 .debug_aranges
                0x0000000100435450       0x30 /usr/lib/gcc/x86_64-pc-cygwin/5.4.0/../../../../lib/libcygwin.a(pseudo-reloc-dummy.o)
 .debug_aranges
                0x0000000100435480       0x30 /usr/lib/gcc/x86_64-pc-cygwin/5.4.0/../../../../lib/libcygwin.a(cygwin_attach_dll.o)
 .debug_aranges
                0x00000001004354b0       0x20 /usr/lib/gcc/x86_64-pc-cygwin/5.4.0/libgcc.a(_ctors.o)

.zdebug_aranges
 *(.zdebug_aranges)

.debug_pubnames
 *(.debug_pubnames)

.zdebug_pubnames
 *(.zdebug_pubnames)

.debug_pubtypes
 *(.debug_pubtypes)

.zdebug_pubtypes
 *(.zdebug_pubtypes)

.debug_info     0x0000000100436000    0x2fa00
 *(.debug_info .gnu.linkonce.wi.*)
 .debug_info    0x0000000100436000      0x3c8 /usr/lib/gcc/x86_64-pc-cygwin/5.4.0/../../../../lib/crt0.o
 .debug_info    0x00000001004363c8     0x3526 /tmp/ccp5tlFs.o
 .debug_info    0x00000001004398ee     0x3643 /tmp/ccf2EGuz.o
 .debug_info    0x000000010043cf31     0x2de5 /tmp/ccC1wSgl.o
 .debug_info    0x000000010043fd16     0x3382 /tmp/ccDm9YJA.o
 .debug_info    0x0000000100443098     0x313a /tmp/ccNWYZTC.o
 .debug_info    0x00000001004461d2     0x364e /tmp/ccBQqThi.o
 .debug_info    0x0000000100449820     0x367f /tmp/ccfTFTJ2.o
 .debug_info    0x000000010044ce9f     0x33bd /tmp/ccpzcZcG.o
 .debug_info    0x000000010045025c      0x425 /tmp/ccSIwZgm.o
 .debug_info    0x0000000100450681     0x298c /tmp/cc4dkexB.o
 .debug_info    0x000000010045300d     0x2d89 /tmp/ccTtpOoK.o
 .debug_info    0x0000000100455d96     0x2d96 /tmp/ccFDPL7v.o
 .debug_info    0x0000000100458b2c     0x320e /tmp/cctNdqyh.o
 .debug_info    0x000000010045bd3a     0x3936 /tmp/cc0vfuMq.o
 .debug_info    0x000000010045f670      0x36d /usr/lib/gcc/x86_64-pc-cygwin/5.4.0/../../../../lib/libcygwin.a(cygwin_crt0.o)
 .debug_info    0x000000010045f9dd      0x25c /usr/lib/gcc/x86_64-pc-cygwin/5.4.0/../../../../lib/libcygwin.a(premain0.o)
 .debug_info    0x000000010045fc39      0x25c /usr/lib/gcc/x86_64-pc-cygwin/5.4.0/../../../../lib/libcygwin.a(premain1.o)
 .debug_info    0x000000010045fe95      0x25c /usr/lib/gcc/x86_64-pc-cygwin/5.4.0/../../../../lib/libcygwin.a(premain2.o)
 .debug_info    0x00000001004600f1      0x25c /usr/lib/gcc/x86_64-pc-cygwin/5.4.0/../../../../lib/libcygwin.a(premain3.o)
 .debug_info    0x000000010046034d     0x25d8 /usr/lib/gcc/x86_64-pc-cygwin/5.4.0/../../../../lib/libcygwin.a(_cygwin_crt0_common.o)
 .debug_info    0x0000000100462925      0x8de /usr/lib/gcc/x86_64-pc-cygwin/5.4.0/../../../../lib/libcygwin.a(dll_entry.o)
 .debug_info    0x0000000100463203      0x3b9 /usr/lib/gcc/x86_64-pc-cygwin/5.4.0/../../../../lib/libcygwin.a(dll_main.o)
 .debug_info    0x00000001004635bc      0x234 /usr/lib/gcc/x86_64-pc-cygwin/5.4.0/../../../../lib/libcygwin.a(pseudo-reloc-dummy.o)
 .debug_info    0x00000001004637f0     0x127e /usr/lib/gcc/x86_64-pc-cygwin/5.4.0/../../../../lib/libcygwin.a(cygwin_attach_dll.o)
 .debug_info    0x0000000100464a6e      0xedc /usr/lib/gcc/x86_64-pc-cygwin/5.4.0/libgcc.a(_ctors.o)

.zdebug_info
 *(.zdebug_info .zdebug.gnu.linkonce.wi.*)

.debug_abbrev   0x0000000100466000     0x3600
 *(.debug_abbrev)
 .debug_abbrev  0x0000000100466000       0x87 /usr/lib/gcc/x86_64-pc-cygwin/5.4.0/../../../../lib/crt0.o
 .debug_abbrev  0x0000000100466087      0x359 /tmp/ccp5tlFs.o
 .debug_abbrev  0x00000001004663e0      0x329 /tmp/ccf2EGuz.o
 .debug_abbrev  0x0000000100466709      0x359 /tmp/ccC1wSgl.o
 .debug_abbrev  0x0000000100466a62      0x377 /tmp/ccDm9YJA.o
 .debug_abbrev  0x0000000100466dd9      0x2fe /tmp/ccNWYZTC.o
 .debug_abbrev  0x00000001004670d7      0x314 /tmp/ccBQqThi.o
 .debug_abbrev  0x00000001004673eb      0x33d /tmp/ccfTFTJ2.o
 .debug_abbrev  0x0000000100467728      0x32d /tmp/ccpzcZcG.o
 .debug_abbrev  0x0000000100467a55       0xda /tmp/ccSIwZgm.o
 .debug_abbrev  0x0000000100467b2f      0x2ab /tmp/cc4dkexB.o
 .debug_abbrev  0x0000000100467dda      0x34f /tmp/ccTtpOoK.o
 .debug_abbrev  0x0000000100468129      0x2eb /tmp/ccFDPL7v.o
 .debug_abbrev  0x0000000100468414      0x33b /tmp/cctNdqyh.o
 .debug_abbrev  0x000000010046874f      0x35f /tmp/cc0vfuMq.o
 .debug_abbrev  0x0000000100468aae       0x99 /usr/lib/gcc/x86_64-pc-cygwin/5.4.0/../../../../lib/libcygwin.a(cygwin_crt0.o)
 .debug_abbrev  0x0000000100468b47       0x4f /usr/lib/gcc/x86_64-pc-cygwin/5.4.0/../../../../lib/libcygwin.a(premain0.o)
 .debug_abbrev  0x0000000100468b96       0x4f /usr/lib/gcc/x86_64-pc-cygwin/5.4.0/../../../../lib/libcygwin.a(premain1.o)
 .debug_abbrev  0x0000000100468be5       0x4f /usr/lib/gcc/x86_64-pc-cygwin/5.4.0/../../../../lib/libcygwin.a(premain2.o)
 .debug_abbrev  0x0000000100468c34       0x4f /usr/lib/gcc/x86_64-pc-cygwin/5.4.0/../../../../lib/libcygwin.a(premain3.o)
 .debug_abbrev  0x0000000100468c83      0x3b5 /usr/lib/gcc/x86_64-pc-cygwin/5.4.0/../../../../lib/libcygwin.a(_cygwin_crt0_common.o)
 .debug_abbrev  0x0000000100469038      0x1e1 /usr/lib/gcc/x86_64-pc-cygwin/5.4.0/../../../../lib/libcygwin.a(dll_entry.o)
 .debug_abbrev  0x0000000100469219       0x7f /usr/lib/gcc/x86_64-pc-cygwin/5.4.0/../../../../lib/libcygwin.a(dll_main.o)
 .debug_abbrev  0x0000000100469298       0x28 /usr/lib/gcc/x86_64-pc-cygwin/5.4.0/../../../../lib/libcygwin.a(pseudo-reloc-dummy.o)
 .debug_abbrev  0x00000001004692c0      0x1ee /usr/lib/gcc/x86_64-pc-cygwin/5.4.0/../../../../lib/libcygwin.a(cygwin_attach_dll.o)
 .debug_abbrev  0x00000001004694ae       0x75 /usr/lib/gcc/x86_64-pc-cygwin/5.4.0/libgcc.a(_ctors.o)

.zdebug_abbrev
 *(.zdebug_abbrev)

.debug_line     0x000000010046a000     0x4200
 *(.debug_line)
 .debug_line    0x000000010046a000       0xdb /usr/lib/gcc/x86_64-pc-cygwin/5.4.0/../../../../lib/crt0.o
 .debug_line    0x000000010046a0db      0x506 /tmp/ccp5tlFs.o
 .debug_line    0x000000010046a5e1      0x659 /tmp/ccf2EGuz.o
 .debug_line    0x000000010046ac3a      0x2f3 /tmp/ccC1wSgl.o
 .debug_line    0x000000010046af2d      0x38a /tmp/ccDm9YJA.o
 .debug_line    0x000000010046b2b7      0x3a1 /tmp/ccNWYZTC.o
 .debug_line    0x000000010046b658      0x4c5 /tmp/ccBQqThi.o
 .debug_line    0x000000010046bb1d      0x657 /tmp/ccfTFTJ2.o
 .debug_line    0x000000010046c174      0x349 /tmp/ccpzcZcG.o
 .debug_line    0x000000010046c4bd       0xab /tmp/ccSIwZgm.o
 .debug_line    0x000000010046c568      0x1d2 /tmp/cc4dkexB.o
 .debug_line    0x000000010046c73a      0x30f /tmp/ccTtpOoK.o
 .debug_line    0x000000010046ca49      0x392 /tmp/ccFDPL7v.o
 .debug_line    0x000000010046cddb      0x30e /tmp/cctNdqyh.o
 .debug_line    0x000000010046d0e9      0x3b0 /tmp/cc0vfuMq.o
 .debug_line    0x000000010046d499       0x7d /usr/lib/gcc/x86_64-pc-cygwin/5.4.0/../../../../lib/libcygwin.a(cygwin_crt0.o)
 .debug_line    0x000000010046d516       0x6e /usr/lib/gcc/x86_64-pc-cygwin/5.4.0/../../../../lib/libcygwin.a(premain0.o)
 .debug_line    0x000000010046d584       0x6e /usr/lib/gcc/x86_64-pc-cygwin/5.4.0/../../../../lib/libcygwin.a(premain1.o)
 .debug_line    0x000000010046d5f2       0x6e /usr/lib/gcc/x86_64-pc-cygwin/5.4.0/../../../../lib/libcygwin.a(premain2.o)
 .debug_line    0x000000010046d660       0x6e /usr/lib/gcc/x86_64-pc-cygwin/5.4.0/../../../../lib/libcygwin.a(premain3.o)
 .debug_line    0x000000010046d6ce      0x5c8 /usr/lib/gcc/x86_64-pc-cygwin/5.4.0/../../../../lib/libcygwin.a(_cygwin_crt0_common.o)
 .debug_line    0x000000010046dc96      0x11b /usr/lib/gcc/x86_64-pc-cygwin/5.4.0/../../../../lib/libcygwin.a(dll_entry.o)
 .debug_line    0x000000010046ddb1       0xb3 /usr/lib/gcc/x86_64-pc-cygwin/5.4.0/../../../../lib/libcygwin.a(dll_main.o)